[JAVA EXECUTOR] executeTask - Begin task execution
WORKER - Parameters of execution:
  * Method type: BINARY
  * Method definition: [BINARY=/gpfs/projects/bsc19/bsc19533/NMMB-BSC/nmmb-bsc-ctm-v2.0/PREPROC/FIXED/landuse.x]
  * Parameter types: java.lang.String java.lang.String java.lang.String
  * Parameter values: /gpfs/projects/bsc19/bsc19533/NMMB-BSC/nmmb-bsc-ctm-v2.0/PREPROC/FIXED/../geodata/landuse_30s/ /scratch/tmp/b663fb84-ce0f-4725-8974-1ed5db6a4d72/s10r1b81-ib0/sandBox/job_17/landuse /scratch/tmp/b663fb84-ce0f-4725-8974-1ed5db6a4d72/s10r1b81-ib0/sandBox/job_17/kount_landuse
  * Parameter streams: UNSPECIFIED UNSPECIFIED UNSPECIFIED
  * Parameter prefixes: null null null

[BINARY INVOKER] Begin binary call to /gpfs/projects/bsc19/bsc19533/NMMB-BSC/nmmb-bsc-ctm-v2.0/PREPROC/FIXED/landuse.x
[BINARY INVOKER] On WorkingDir : /scratch/tmp/b663fb84-ce0f-4725-8974-1ed5db6a4d72/s10r1b81-ib0/sandBox/job_17
[BINARY INVOKER] BINARY CMD: /gpfs/projects/bsc19/bsc19533/NMMB-BSC/nmmb-bsc-ctm-v2.0/PREPROC/FIXED/landuse.x /gpfs/projects/bsc19/bsc19533/NMMB-BSC/nmmb-bsc-ctm-v2.0/PREPROC/FIXED/../geodata/landuse_30s/ /scratch/tmp/b663fb84-ce0f-4725-8974-1ed5db6a4d72/s10r1b81-ib0/sandBox/job_17/landuse /scratch/tmp/b663fb84-ce0f-4725-8974-1ed5db6a4d72/s10r1b81-ib0/sandBox/job_17/kount_landuse 
[BINARY INVOKER] Binary STDIN: null
[BINARY INVOKER] Binary STDOUT: null
[BINARY INVOKER] Binary STDERR: null
[BINARY EXECUTION WRAPPER] ------------------------------------
[BINARY EXECUTION WRAPPER] Executing binary command
[BINARY EXECUTION WRAPPER] ------------------------------------
[BINARY EXECUTION WRAPPER] CMD EXIT VALUE: 0
[BINARY EXECUTION WRAPPER] ------------------------------------
[BINARY EXECUTION WRAPPER] CMD OUTPUT:
 Processing 
 /gpfs/projects/bsc19/bsc19533/NMMB-BSC/nmmb-bsc-ctm-v2.0/PREPROC/FIXED/../geoda
 ta/landuse_30s/00001-01200.00001-01200           
 Processing 
 /gpfs/projects/bsc19/bsc19533/NMMB-BSC/nmmb-bsc-ctm-v2.0/PREPROC/FIXED/../geoda
 ta/landuse_30s/00001-01200.01201-02400           
 Processing 
 /gpfs/projects/bsc19/bsc19533/NMMB-BSC/nmmb-bsc-ctm-v2.0/PREPROC/FIXED/../geoda
 ta/landuse_30s/00001-01200.02401-03600           
 Processing 
 /gpfs/projects/bsc19/bsc19533/NMMB-BSC/nmmb-bsc-ctm-v2.0/PREPROC/FIXED/../geoda
 ta/landuse_30s/00001-01200.03601-04800           
 Processing 
 /gpfs/projects/bsc19/bsc19533/NMMB-BSC/nmmb-bsc-ctm-v2.0/PREPROC/FIXED/../geoda
 ta/landuse_30s/00001-01200.04801-06000           
 Processing 
 /gpfs/projects/bsc19/bsc19533/NMMB-BSC/nmmb-bsc-ctm-v2.0/PREPROC/FIXED/../geoda
 ta/landuse_30s/00001-01200.06001-07200           
 Processing 
 /gpfs/projects/bsc19/bsc19533/NMMB-BSC/nmmb-bsc-ctm-v2.0/PREPROC/FIXED/../geoda
 ta/landuse_30s/00001-01200.07201-08400           
 Processing 
 /gpfs/projects/bsc19/bsc19533/NMMB-BSC/nmmb-bsc-ctm-v2.0/PREPROC/FIXED/../geoda
 ta/landuse_30s/00001-01200.08401-09600           
 Processing 
 /gpfs/projects/bsc19/bsc19533/NMMB-BSC/nmmb-bsc-ctm-v2.0/PREPROC/FIXED/../geoda
 ta/landuse_30s/00001-01200.09601-10800           
 Processing 
 /gpfs/projects/bsc19/bsc19533/NMMB-BSC/nmmb-bsc-ctm-v2.0/PREPROC/FIXED/../geoda
 ta/landuse_30s/00001-01200.10801-12000           
 Processing 
 /gpfs/projects/bsc19/bsc19533/NMMB-BSC/nmmb-bsc-ctm-v2.0/PREPROC/FIXED/../geoda
 ta/landuse_30s/00001-01200.12001-13200           
 Processing 
 /gpfs/projects/bsc19/bsc19533/NMMB-BSC/nmmb-bsc-ctm-v2.0/PREPROC/FIXED/../geoda
 ta/landuse_30s/00001-01200.13201-14400           
 Processing 
 /gpfs/projects/bsc19/bsc19533/NMMB-BSC/nmmb-bsc-ctm-v2.0/PREPROC/FIXED/../geoda
 ta/landuse_30s/00001-01200.14401-15600           
 Processing 
 /gpfs/projects/bsc19/bsc19533/NMMB-BSC/nmmb-bsc-ctm-v2.0/PREPROC/FIXED/../geoda
 ta/landuse_30s/00001-01200.15601-16800           
 Processing 
 /gpfs/projects/bsc19/bsc19533/NMMB-BSC/nmmb-bsc-ctm-v2.0/PREPROC/FIXED/../geoda
 ta/landuse_30s/00001-01200.16801-18000           
 Processing 
 /gpfs/projects/bsc19/bsc19533/NMMB-BSC/nmmb-bsc-ctm-v2.0/PREPROC/FIXED/../geoda
 ta/landuse_30s/00001-01200.18001-19200           
 Processing 
 /gpfs/projects/bsc19/bsc19533/NMMB-BSC/nmmb-bsc-ctm-v2.0/PREPROC/FIXED/../geoda
 ta/landuse_30s/00001-01200.19201-20400           
 Processing 
 /gpfs/projects/bsc19/bsc19533/NMMB-BSC/nmmb-bsc-ctm-v2.0/PREPROC/FIXED/../geoda
 ta/landuse_30s/00001-01200.20401-21600           
 16 16 16 16 16 16 16 16 16 16 16 16 16
 16 16 16 16 16 24 16 16 16 16 16 16 16
 16 21 16 22 16 24 16 16 16 21 21 21 21
 16 16 11 18 16 16 16 14 15 15 15 12 16
 16 16 14 14 15 16 16  2  2  7  7 10 16
 16 16 14  2 16 16 16 16  6  7 19 16 16
 16 16 16  2 16 16 16 19 19  2  7 16 16
 16 16 16 16 16 16 19 19 19  5 15 16 16
 16 16 16 16 10 16 10 10  8 16 16 16 16
 16 16 16 16 13 16 16 13 16 16 13 16 16
 16 16 16 16 13  8 16 11 16 16 16 16 16
 16 16 16 16 21 16 16  7 10 16 16  8 16
 16 16 16 16  8 16 16 16 16 16 16  8 16
 16 16 16 16  8 16 16 16 16 16 16 16 16
 16 16 16 16 16 16 16 16 16 16 16 16 16
 16 16 16 16 16 16 16 16 16 16 16 16 16
 16 16 16 16 24 16 16 24 24 24 24 24 24
 24 24 24 24 24 24 24 24 24 24 24 24 24
 24 24 24 24 24 24 24 24 24 24 24 24 24
 Landuse file written to ../output/landuse.
 Enjoy your landuse!
 Landusenew file written to ../output/kount_landuse
 Enjoy your kount landuse!
[BINARY EXECUTION WRAPPER] ------------------------------------
[JAVA EXECUTOR] executeTask - End task execution
