[JAVA EXECUTOR] executeTask - Begin task execution
WORKER - Parameters of execution:
  * Method type: BINARY
  * Method definition: [BINARY=/gpfs/projects/bsc19/bsc19533/NMMB-BSC/nmmb-bsc-ctm-v2.0/PREPROC/FIXED/landusenew.x]
  * Parameter types: java.lang.String java.lang.String java.lang.String
  * Parameter values: /gpfs/projects/bsc19/bsc19533/NMMB-BSC/nmmb-bsc-ctm-v2.0/PREPROC/FIXED/../GTOPO30/ /scratch/tmp/b663fb84-ce0f-4725-8974-1ed5db6a4d72/s10r1b81-ib0/sandBox/job_18/landusenew /scratch/tmp/b663fb84-ce0f-4725-8974-1ed5db6a4d72/s10r1b81-ib0/sandBox/job_18/kount_landusenew
  * Parameter streams: UNSPECIFIED UNSPECIFIED UNSPECIFIED
  * Parameter prefixes: null null null

[BINARY INVOKER] Begin binary call to /gpfs/projects/bsc19/bsc19533/NMMB-BSC/nmmb-bsc-ctm-v2.0/PREPROC/FIXED/landusenew.x
[BINARY INVOKER] On WorkingDir : /scratch/tmp/b663fb84-ce0f-4725-8974-1ed5db6a4d72/s10r1b81-ib0/sandBox/job_18
[BINARY INVOKER] BINARY CMD: /gpfs/projects/bsc19/bsc19533/NMMB-BSC/nmmb-bsc-ctm-v2.0/PREPROC/FIXED/landusenew.x /gpfs/projects/bsc19/bsc19533/NMMB-BSC/nmmb-bsc-ctm-v2.0/PREPROC/FIXED/../GTOPO30/ /scratch/tmp/b663fb84-ce0f-4725-8974-1ed5db6a4d72/s10r1b81-ib0/sandBox/job_18/landusenew /scratch/tmp/b663fb84-ce0f-4725-8974-1ed5db6a4d72/s10r1b81-ib0/sandBox/job_18/kount_landusenew 
[BINARY INVOKER] Binary STDIN: null
[BINARY INVOKER] Binary STDOUT: null
[BINARY INVOKER] Binary STDERR: null
[BINARY EXECUTION WRAPPER] ------------------------------------
[BINARY EXECUTION WRAPPER] Executing binary command
[BINARY EXECUTION WRAPPER] ------------------------------------
[BINARY EXECUTION WRAPPER] CMD EXIT VALUE: 0
[BINARY EXECUTION WRAPPER] ------------------------------------
[BINARY EXECUTION WRAPPER] CMD OUTPUT:
          33
        4800        6000        9600
 Processing tile  1 /gpfs/projects/bsc19/bsc19533/NMMB-BSC/nmmb-bsc-ctm-v2.0/PREPROC/FIXED/../GTOPO30/W180N90.VEG                                   
        4800        6000        9600
 Processing tile  2 /gpfs/projects/bsc19/bsc19533/NMMB-BSC/nmmb-bsc-ctm-v2.0/PREPROC/FIXED/../GTOPO30/W140N90.VEG                                   
        4800        6000        9600
 Processing tile  3 /gpfs/projects/bsc19/bsc19533/NMMB-BSC/nmmb-bsc-ctm-v2.0/PREPROC/FIXED/../GTOPO30/W100N90.VEG                                   
        4800        6000        9600
 Processing tile  4 /gpfs/projects/bsc19/bsc19533/NMMB-BSC/nmmb-bsc-ctm-v2.0/PREPROC/FIXED/../GTOPO30/W060N90.VEG                                   
        4800        6000        9600
 Processing tile  5 /gpfs/projects/bsc19/bsc19533/NMMB-BSC/nmmb-bsc-ctm-v2.0/PREPROC/FIXED/../GTOPO30/W020N90.VEG                                   
        4800        6000        9600
 Processing tile  6 /gpfs/projects/bsc19/bsc19533/NMMB-BSC/nmmb-bsc-ctm-v2.0/PREPROC/FIXED/../GTOPO30/E020N90.VEG                                   
        4800        6000        9600
 Processing tile  7 /gpfs/projects/bsc19/bsc19533/NMMB-BSC/nmmb-bsc-ctm-v2.0/PREPROC/FIXED/../GTOPO30/E060N90.VEG                                   
        4800        6000        9600
 Processing tile  8 /gpfs/projects/bsc19/bsc19533/NMMB-BSC/nmmb-bsc-ctm-v2.0/PREPROC/FIXED/../GTOPO30/E100N90.VEG                                   
        4800        6000        9600
 Processing tile  9 /gpfs/projects/bsc19/bsc19533/NMMB-BSC/nmmb-bsc-ctm-v2.0/PREPROC/FIXED/../GTOPO30/E140N90.VEG                                   
        4800        6000        9600
 Processing tile 10 /gpfs/projects/bsc19/bsc19533/NMMB-BSC/nmmb-bsc-ctm-v2.0/PREPROC/FIXED/../GTOPO30/W180N40.VEG                                   
        4800        6000        9600
 Processing tile 11 /gpfs/projects/bsc19/bsc19533/NMMB-BSC/nmmb-bsc-ctm-v2.0/PREPROC/FIXED/../GTOPO30/W140N40.VEG                                   
        4800        6000        9600
 Processing tile 12 /gpfs/projects/bsc19/bsc19533/NMMB-BSC/nmmb-bsc-ctm-v2.0/PREPROC/FIXED/../GTOPO30/W100N40.VEG                                   
        4800        6000        9600
 Processing tile 13 /gpfs/projects/bsc19/bsc19533/NMMB-BSC/nmmb-bsc-ctm-v2.0/PREPROC/FIXED/../GTOPO30/W060N40.VEG                                   
        4800        6000        9600
 Processing tile 14 /gpfs/projects/bsc19/bsc19533/NMMB-BSC/nmmb-bsc-ctm-v2.0/PREPROC/FIXED/../GTOPO30/W020N40.VEG                                   
        4800        6000        9600
 Processing tile 15 /gpfs/projects/bsc19/bsc19533/NMMB-BSC/nmmb-bsc-ctm-v2.0/PREPROC/FIXED/../GTOPO30/E020N40.VEG                                   
        4800        6000        9600
 Processing tile 16 /gpfs/projects/bsc19/bsc19533/NMMB-BSC/nmmb-bsc-ctm-v2.0/PREPROC/FIXED/../GTOPO30/E060N40.VEG                                   
        4800        6000        9600
 Processing tile 17 /gpfs/projects/bsc19/bsc19533/NMMB-BSC/nmmb-bsc-ctm-v2.0/PREPROC/FIXED/../GTOPO30/E100N40.VEG                                   
        4800        6000        9600
 Processing tile 18 /gpfs/projects/bsc19/bsc19533/NMMB-BSC/nmmb-bsc-ctm-v2.0/PREPROC/FIXED/../GTOPO30/E140N40.VEG                                   
        4800        6000        9600
 Processing tile 19 /gpfs/projects/bsc19/bsc19533/NMMB-BSC/nmmb-bsc-ctm-v2.0/PREPROC/FIXED/../GTOPO30/W180S10.VEG                                   
        4800        6000        9600
 Processing tile 20 /gpfs/projects/bsc19/bsc19533/NMMB-BSC/nmmb-bsc-ctm-v2.0/PREPROC/FIXED/../GTOPO30/W140S10.VEG                                   
        4800        6000        9600
 Processing tile 21 /gpfs/projects/bsc19/bsc19533/NMMB-BSC/nmmb-bsc-ctm-v2.0/PREPROC/FIXED/../GTOPO30/W100S10.VEG                                   
        4800        6000        9600
 Processing tile 22 /gpfs/projects/bsc19/bsc19533/NMMB-BSC/nmmb-bsc-ctm-v2.0/PREPROC/FIXED/../GTOPO30/W060S10.VEG                                   
        4800        6000        9600
 Processing tile 23 /gpfs/projects/bsc19/bsc19533/NMMB-BSC/nmmb-bsc-ctm-v2.0/PREPROC/FIXED/../GTOPO30/W020S10.VEG                                   
        4800        6000        9600
 Processing tile 24 /gpfs/projects/bsc19/bsc19533/NMMB-BSC/nmmb-bsc-ctm-v2.0/PREPROC/FIXED/../GTOPO30/E020S10.VEG                                   
        4800        6000        9600
 Processing tile 25 /gpfs/projects/bsc19/bsc19533/NMMB-BSC/nmmb-bsc-ctm-v2.0/PREPROC/FIXED/../GTOPO30/E060S10.VEG                                   
        4800        6000        9600
 Processing tile 26 /gpfs/projects/bsc19/bsc19533/NMMB-BSC/nmmb-bsc-ctm-v2.0/PREPROC/FIXED/../GTOPO30/E100S10.VEG                                   
        4800        6000        9600
 Processing tile 27 /gpfs/projects/bsc19/bsc19533/NMMB-BSC/nmmb-bsc-ctm-v2.0/PREPROC/FIXED/../GTOPO30/E140S10.VEG                                   
        7200        3600       14400
        7200        3600       14400
        7200        3600       14400
        7200        3600       14400
        7200        3600       14400
        7200        3600       14400
 15 15 15 15 15 15 15 15 15 15 15 15 15
 15 15 15 15 15 12 15 15 15 15 15 15 15
 15  9 15 53 15 12 15 15 15  9 63 63 63
 15 17 60 44 15 15 15 21 61 61 61  4 15
 15 15 22 23 23 15 15 93  2  2  2 61 15
 15 15 22 30 15 15 15 31  2  8  8 15 15
 15 15 15 31 15 15 15  8  8 31 42 15 15
 15 15 15 15 15 15  8  8  8 55 24 15 15
 15 15 15 15 91 15 91 43 11 15 15 15 15
 15 15 15 15 33 15 15 33 15 15 33 15 15
 15 15 15 15 33 94 15 32 15 15 15 15 15
 15 15 15 15  9 15 15 41 43 15 15 47 15
 15 15 15 15 51 15 15 15 15 15 15 11 15
 15 15 15 15 51 15 15 15 15 15 15 15 15
 15 15 15 15 15 15 15 15 15 15 15 15 15
 15 15 15 15 15 15 15 15 15 15 15 15 15
 15 15 15 15 15 15 15 15 15 15 15 15 15
 15 15 15 15 15 15 15 15 15 15 15 15 15
 15 15 15 15 15 15 15 15 15 15 15 15 15
 Landusenew file written to ../output/landusenew.
 Enjoy your DUST landuse!
 Landusenew file written to ../output/kount_landusenew.
 Enjoy your kount landusenew!
[BINARY EXECUTION WRAPPER] ------------------------------------
[JAVA EXECUTOR] executeTask - End task execution
