[JAVA EXECUTOR] executeTask - Begin task execution
WORKER - Parameters of execution:
  * Method type: BINARY
  * Method definition: [BINARY=/gpfs/projects/bsc19/bsc19533/NMMB-BSC/nmmb-bsc-ctm-v2.0/PREPROC/FIXED/topo.x]
  * Parameter types: java.lang.String java.lang.String
  * Parameter values: /gpfs/projects/bsc19/bsc19533/NMMB-BSC/nmmb-bsc-ctm-v2.0/PREPROC/FIXED/../geodata/topo_30s/ /scratch/tmp/b663fb84-ce0f-4725-8974-1ed5db6a4d72/s10r1b81-ib0/sandBox/job_19/heightmean
  * Parameter streams: UNSPECIFIED UNSPECIFIED
  * Parameter prefixes: null null

[BINARY INVOKER] Begin binary call to /gpfs/projects/bsc19/bsc19533/NMMB-BSC/nmmb-bsc-ctm-v2.0/PREPROC/FIXED/topo.x
[BINARY INVOKER] On WorkingDir : /scratch/tmp/b663fb84-ce0f-4725-8974-1ed5db6a4d72/s10r1b81-ib0/sandBox/job_19
[BINARY INVOKER] BINARY CMD: /gpfs/projects/bsc19/bsc19533/NMMB-BSC/nmmb-bsc-ctm-v2.0/PREPROC/FIXED/topo.x /gpfs/projects/bsc19/bsc19533/NMMB-BSC/nmmb-bsc-ctm-v2.0/PREPROC/FIXED/../geodata/topo_30s/ /scratch/tmp/b663fb84-ce0f-4725-8974-1ed5db6a4d72/s10r1b81-ib0/sandBox/job_19/heightmean 
[BINARY INVOKER] Binary STDIN: null
[BINARY INVOKER] Binary STDOUT: null
[BINARY INVOKER] Binary STDERR: null
[BINARY EXECUTION WRAPPER] ------------------------------------
[BINARY EXECUTION WRAPPER] Executing binary command
[BINARY EXECUTION WRAPPER] ------------------------------------
[BINARY EXECUTION WRAPPER] CMD EXIT VALUE: 0
[BINARY EXECUTION WRAPPER] ------------------------------------
[BINARY EXECUTION WRAPPER] CMD OUTPUT:
 Processing 
 /gpfs/projects/bsc19/bsc19533/NMMB-BSC/nmmb-bsc-ctm-v2.0/PREPROC/FIXED/../geoda
 ta/topo_30s/00001-01200.00001-01200              
 Processing 
 /gpfs/projects/bsc19/bsc19533/NMMB-BSC/nmmb-bsc-ctm-v2.0/PREPROC/FIXED/../geoda
 ta/topo_30s/00001-01200.01201-02400              
 Processing 
 /gpfs/projects/bsc19/bsc19533/NMMB-BSC/nmmb-bsc-ctm-v2.0/PREPROC/FIXED/../geoda
 ta/topo_30s/00001-01200.02401-03600              
 Processing 
 /gpfs/projects/bsc19/bsc19533/NMMB-BSC/nmmb-bsc-ctm-v2.0/PREPROC/FIXED/../geoda
 ta/topo_30s/00001-01200.03601-04800              
 Processing 
 /gpfs/projects/bsc19/bsc19533/NMMB-BSC/nmmb-bsc-ctm-v2.0/PREPROC/FIXED/../geoda
 ta/topo_30s/00001-01200.04801-06000              
 Processing 
 /gpfs/projects/bsc19/bsc19533/NMMB-BSC/nmmb-bsc-ctm-v2.0/PREPROC/FIXED/../geoda
 ta/topo_30s/00001-01200.06001-07200              
 Processing 
 /gpfs/projects/bsc19/bsc19533/NMMB-BSC/nmmb-bsc-ctm-v2.0/PREPROC/FIXED/../geoda
 ta/topo_30s/00001-01200.07201-08400              
 Processing 
 /gpfs/projects/bsc19/bsc19533/NMMB-BSC/nmmb-bsc-ctm-v2.0/PREPROC/FIXED/../geoda
 ta/topo_30s/00001-01200.08401-09600              
 Processing 
 /gpfs/projects/bsc19/bsc19533/NMMB-BSC/nmmb-bsc-ctm-v2.0/PREPROC/FIXED/../geoda
 ta/topo_30s/00001-01200.09601-10800              
 Processing 
 /gpfs/projects/bsc19/bsc19533/NMMB-BSC/nmmb-bsc-ctm-v2.0/PREPROC/FIXED/../geoda
 ta/topo_30s/00001-01200.10801-12000              
 Processing 
 /gpfs/projects/bsc19/bsc19533/NMMB-BSC/nmmb-bsc-ctm-v2.0/PREPROC/FIXED/../geoda
 ta/topo_30s/00001-01200.12001-13200              
 Processing 
 /gpfs/projects/bsc19/bsc19533/NMMB-BSC/nmmb-bsc-ctm-v2.0/PREPROC/FIXED/../geoda
 ta/topo_30s/00001-01200.13201-14400              
 Processing 
 /gpfs/projects/bsc19/bsc19533/NMMB-BSC/nmmb-bsc-ctm-v2.0/PREPROC/FIXED/../geoda
 ta/topo_30s/00001-01200.14401-15600              
 Processing 
 /gpfs/projects/bsc19/bsc19533/NMMB-BSC/nmmb-bsc-ctm-v2.0/PREPROC/FIXED/../geoda
 ta/topo_30s/00001-01200.15601-16800              
 Processing 
 /gpfs/projects/bsc19/bsc19533/NMMB-BSC/nmmb-bsc-ctm-v2.0/PREPROC/FIXED/../geoda
 ta/topo_30s/00001-01200.16801-18000              
 Processing 
 /gpfs/projects/bsc19/bsc19533/NMMB-BSC/nmmb-bsc-ctm-v2.0/PREPROC/FIXED/../geoda
 ta/topo_30s/00001-01200.18001-19200              
 Processing 
 /gpfs/projects/bsc19/bsc19533/NMMB-BSC/nmmb-bsc-ctm-v2.0/PREPROC/FIXED/../geoda
 ta/topo_30s/00001-01200.19201-20400              
 Processing 
 /gpfs/projects/bsc19/bsc19533/NMMB-BSC/nmmb-bsc-ctm-v2.0/PREPROC/FIXED/../geoda
 ta/topo_30s/00001-01200.20401-21600              
 Mean topography height
   0.   0.   0.   0.   0.   0.   0.   0.
   0.   0. 465.1293. 156.  14.   0.   0.
  19.  18.  89.2504.  48.  13. 164.  73.
   0.1158.   0.   0.  75.  60. 562.  97.
   0.   0. 181.   0. 395. 273. 743.   0.
   0.   0. 309.   1. 240. 560. 781.   0.
   0.   0.  13.   0. 241.1363. 151.   0.
   0.   0.   0.   0. 868.   0.   0.   0.
   0.   0.  53.   0. 361.   0.   0.   0.
   0.   0.   7.   0. 344.   0. 287.   0.
   0.   0.   0.   0.1093.   0.   0.   0.
   0.   0.   0.   0.1329.   0.   1.  26.
   0.   0.   0.   0. 202.   0. 138.   0.
   0.   0.   0.   0.   0.   0.   0.   0.
   0.   0.   0.   0.   0.   0.   0.   1.
   0.   0.   0.   0.   0.   0.   0.   0.
   0.   0.   0.   0. 111.1233.2301. 139.
   0.1024. 824. 242.2957.3781.3185. 105.
2818.2750.2716.2731.2790.2857.2875.2837.
 Mean height file written to ../output/heightmean
 Enjoy your mountains!
[BINARY EXECUTION WRAPPER] ------------------------------------
[JAVA EXECUTOR] executeTask - End task execution
