[JAVA EXECUTOR] executeTask - Begin task execution
WORKER - Parameters of execution:
  * Method type: BINARY
  * Method definition: [BINARY=/gpfs/projects/bsc19/bsc19533/NMMB-BSC/nmmb-bsc-ctm-v2.0/PREPROC/FIXED/vcgenerator.x]
  * Parameter types: java.lang.String
  * Parameter values: /scratch/tmp/b663fb84-ce0f-4725-8974-1ed5db6a4d72/s10r1b81-ib0/sandBox/job_21/dsg
  * Parameter streams: UNSPECIFIED
  * Parameter prefixes: null

[BINARY INVOKER] Begin binary call to /gpfs/projects/bsc19/bsc19533/NMMB-BSC/nmmb-bsc-ctm-v2.0/PREPROC/FIXED/vcgenerator.x
[BINARY INVOKER] On WorkingDir : /scratch/tmp/b663fb84-ce0f-4725-8974-1ed5db6a4d72/s10r1b81-ib0/sandBox/job_21
[BINARY INVOKER] BINARY CMD: /gpfs/projects/bsc19/bsc19533/NMMB-BSC/nmmb-bsc-ctm-v2.0/PREPROC/FIXED/vcgenerator.x /scratch/tmp/b663fb84-ce0f-4725-8974-1ed5db6a4d72/s10r1b81-ib0/sandBox/job_21/dsg 
[BINARY INVOKER] Binary STDIN: null
[BINARY INVOKER] Binary STDOUT: null
[BINARY INVOKER] Binary STDERR: null
[BINARY EXECUTION WRAPPER] ------------------------------------
[BINARY EXECUTION WRAPPER] Executing binary command
[BINARY EXECUTION WRAPPER] ------------------------------------
[BINARY EXECUTION WRAPPER] CMD EXIT VALUE: 0
[BINARY EXECUTION WRAPPER] ------------------------------------
[BINARY EXECUTION WRAPPER] CMD OUTPUT:
 *** Hi, this is your vertical coordinate generator.
 1
  reference sigma, l and sigma increase top down
 l=           1  sgm(l)=  0.0000000E+00
 l=           2  sgm(l)=  9.8575428E-03
 l=           3  sgm(l)=  2.6842462E-02
 l=           4  sgm(l)=  5.0588980E-02
 l=           5  sgm(l)=  8.0365539E-02
 l=           6  sgm(l)=  0.1150748    
 l=           7  sgm(l)=  0.1532537    
 l=           8  sgm(l)=  0.1930732    
 l=           9  sgm(l)=  0.2323397    
 l=          10  sgm(l)=  0.2696845    
 l=          11  sgm(l)=  0.3081001    
 l=          12  sgm(l)=  0.3547335    
 l=          13  sgm(l)=  0.4145269    
 l=          14  sgm(l)=  0.4873677    
 l=          15  sgm(l)=  0.5681248    
 l=          16  sgm(l)=  0.6493194    
 l=          17  sgm(l)=  0.7250843    
 l=          18  sgm(l)=  0.7914843    
 l=          19  sgm(l)=  0.8465163    
 l=          20  sgm(l)=  0.8901092    
 l=          21  sgm(l)=  0.9240339    
 l=          22  sgm(l)=  0.9505540    
 l=          23  sgm(l)=  0.9713870    
 l=          24  sgm(l)=  0.9876782    
 l=          25  sgm(l)=   1.000000    
 l=           1  dsg(l)=  9.8575428E-03
 l=           2  dsg(l)=  1.6984919E-02
 l=           3  dsg(l)=  2.3746520E-02
 l=           4  dsg(l)=  2.9776558E-02
 l=           5  dsg(l)=  3.4709267E-02
 l=           6  dsg(l)=  3.8178861E-02
 l=           7  dsg(l)=  3.9819565E-02
 l=           8  dsg(l)=  3.9266486E-02
 l=           9  dsg(l)=  3.7344780E-02
 l=          10  dsg(l)=  3.8415596E-02
 l=          11  dsg(l)=  4.6633378E-02
 l=          12  dsg(l)=  5.9793428E-02
 l=          13  dsg(l)=  7.2840787E-02
 l=          14  dsg(l)=  8.0757141E-02
 l=          15  dsg(l)=  8.1194632E-02
 l=          16  dsg(l)=  7.5764894E-02
 l=          17  dsg(l)=  6.6400006E-02
 l=          18  dsg(l)=  5.5032000E-02
 l=          19  dsg(l)=  4.3592948E-02
 l=          20  dsg(l)=  3.3924680E-02
 l=          21  dsg(l)=  2.6519999E-02
 l=          22  dsg(l)=  2.0833019E-02
 l=          23  dsg(l)=  1.6291182E-02
 l=          24  dsg(l)=  1.2321830E-02
 *** Mixed system starts at    27392.07      Pa, from level           10
 equivalent sgm(           1 )=  0.0000000E+00
 equivalent sgm(           2 )=  9.8575419E-03
 equivalent sgm(           3 )=  2.6842460E-02
 equivalent sgm(           4 )=  5.0588980E-02
 equivalent sgm(           5 )=  8.0365539E-02
 equivalent sgm(           6 )=  0.1150748    
 equivalent sgm(           7 )=  0.1532537    
 equivalent sgm(           8 )=  0.1930732    
 equivalent sgm(           9 )=  0.2323397    
 equivalent sgm(          10 )=  0.2696845    
 equivalent sgm(          11 )=  0.3081001    
 equivalent sgm(          12 )=  0.3547335    
 equivalent sgm(          13 )=  0.4145269    
 equivalent sgm(          14 )=  0.4873677    
 equivalent sgm(          15 )=  0.5681248    
 equivalent sgm(          16 )=  0.6493194    
 equivalent sgm(          17 )=  0.7250843    
 equivalent sgm(          18 )=  0.7914843    
 equivalent sgm(          19 )=  0.8465163    
 equivalent sgm(          20 )=  0.8901092    
 equivalent sgm(          21 )=  0.9240339    
 equivalent sgm(          22 )=  0.9505540    
 equivalent sgm(          23 )=  0.9713870    
 equivalent sgm(          24 )=  0.9876782    
 equivalent sgm(          25 )=   1.000000    
    sg1(           1 )=  0.0000000E+00    sg2(           1 )=  0.0000000E+00
    sg1(           2 )=  3.6552127E-02    sg2(           2 )=  0.0000000E+00
    sg1(           3 )=  9.9532828E-02    sg2(           3 )=  0.0000000E+00
    sg1(           4 )=  0.1875858        sg2(           4 )=  0.0000000E+00
    sg1(           5 )=  0.2979984        sg2(           5 )=  0.0000000E+00
    sg1(           6 )=  0.4267016        sg2(           6 )=  0.0000000E+00
    sg1(           7 )=  0.5682703        sg2(           7 )=  0.0000000E+00
    sg1(           8 )=  0.7159227        sg2(           8 )=  0.0000000E+00
    sg1(           9 )=  0.8615242        sg2(           9 )=  0.0000000E+00
    sg1(          10 )=   1.000000        sg2(          10 )=  0.0000000E+00
    sg1(          11 )=   1.128559        sg2(          11 )=  3.7453750E-03
    sg1(          12 )=   1.207714        sg2(          12 )=  2.9031631E-02
    sg1(          13 )=   1.195478        sg2(          13 )=  9.2124976E-02
    sg1(          14 )=   1.099723        sg2(          14 )=  0.1907893    
    sg1(          15 )=  0.9543699        sg2(          15 )=  0.3107460    
    sg1(          16 )=  0.7906413        sg2(          16 )=  0.4360957    
    sg1(          17 )=  0.6290703        sg2(          17 )=  0.5554338    
    sg1(          18 )=  0.4825482        sg2(          18 )=  0.6613485    
    sg1(          19 )=  0.3582507        sg2(          19 )=  0.7499017    
    sg1(          20 )=  0.2581489        sg2(          20 )=  0.8204905    
    sg1(          21 )=  0.1793133        sg2(          21 )=  0.8756759    
    sg1(          22 )=  0.1171410        sg2(          22 )=  0.9189628    
    sg1(          23 )=  6.7977078E-02    sg2(          23 )=  0.9530546    
    sg1(          24 )=  2.9336808E-02    sg2(          24 )=  0.9797665    
    sg1(          25 )=  0.0000000E+00    sg2(          25 )=   1.000000    
   dsg1(           1 )=  3.6552127E-02   dsg2(           1 )=  0.0000000E+00
   dsg1(           2 )=  6.2980697E-02   dsg2(           2 )=  0.0000000E+00
   dsg1(           3 )=  8.8052973E-02   dsg2(           3 )=  0.0000000E+00
   dsg1(           4 )=  0.1104126       dsg2(           4 )=  0.0000000E+00
   dsg1(           5 )=  0.1287032       dsg2(           5 )=  0.0000000E+00
   dsg1(           6 )=  0.1415687       dsg2(           6 )=  0.0000000E+00
   dsg1(           7 )=  0.1476524       dsg2(           7 )=  0.0000000E+00
   dsg1(           8 )=  0.1456016       dsg2(           8 )=  0.0000000E+00
   dsg1(           9 )=  0.1384758       dsg2(           9 )=  0.0000000E+00
   dsg1(          10 )=  0.1285585       dsg2(          10 )=  3.7453750E-03
   dsg1(          11 )=  7.9155922E-02   dsg2(          11 )=  2.5286255E-02
   dsg1(          12 )= -1.2236238E-02   dsg2(          12 )=  6.3093349E-02
   dsg1(          13 )= -9.5754743E-02   dsg2(          13 )=  9.8664336E-02
   dsg1(          14 )= -0.1453536       dsg2(          14 )=  0.1199567    
   dsg1(          15 )= -0.1637286       dsg2(          15 )=  0.1253497    
   dsg1(          16 )= -0.1615710       dsg2(          16 )=  0.1193381    
   dsg1(          17 )= -0.1465220       dsg2(          17 )=  0.1059147    
   dsg1(          18 )= -0.1242975       dsg2(          18 )=  8.8553131E-02
   dsg1(          19 )= -0.1001018       dsg2(          19 )=  7.0588827E-02
   dsg1(          20 )= -7.8835577E-02   dsg2(          20 )=  5.5185437E-02
   dsg1(          21 )= -6.2172309E-02   dsg2(          21 )=  4.3286920E-02
   dsg1(          22 )= -4.9163945E-02   dsg2(          22 )=  3.4091771E-02
   dsg1(          23 )= -3.8640268E-02   dsg2(          23 )=  2.6711881E-02
   dsg1(          24 )= -2.9336808E-02   dsg2(          24 )=  2.0233512E-02
  sgml1(           1 )=  1.8276064E-02  sgml2(           1 )=  0.0000000E+00
  sgml1(           2 )=  6.8042479E-02  sgml2(           2 )=  0.0000000E+00
  sgml1(           3 )=  0.1435593      sgml2(           3 )=  0.0000000E+00
  sgml1(           4 )=  0.2427921      sgml2(           4 )=  0.0000000E+00
  sgml1(           5 )=  0.3623500      sgml2(           5 )=  0.0000000E+00
  sgml1(           6 )=  0.4974859      sgml2(           6 )=  0.0000000E+00
  sgml1(           7 )=  0.6420965      sgml2(           7 )=  0.0000000E+00
  sgml1(           8 )=  0.7887235      sgml2(           8 )=  0.0000000E+00
  sgml1(           9 )=  0.9307621      sgml2(           9 )=  0.0000000E+00
  sgml1(          10 )=   1.064279      sgml2(          10 )=  1.8726875E-03
  sgml1(          11 )=   1.168136      sgml2(          11 )=  1.6388502E-02
  sgml1(          12 )=   1.201596      sgml2(          12 )=  6.0578302E-02
  sgml1(          13 )=   1.147601      sgml2(          13 )=  0.1414571    
  sgml1(          14 )=   1.027047      sgml2(          14 )=  0.2507676    
  sgml1(          15 )=  0.8725056      sgml2(          15 )=  0.3734209    
  sgml1(          16 )=  0.7098558      sgml2(          16 )=  0.4957648    
  sgml1(          17 )=  0.5558093      sgml2(          17 )=  0.6083912    
  sgml1(          18 )=  0.4203995      sgml2(          18 )=  0.7056251    
  sgml1(          19 )=  0.3081998      sgml2(          19 )=  0.7851961    
  sgml1(          20 )=  0.2187311      sgml2(          20 )=  0.8480832    
  sgml1(          21 )=  0.1482272      sgml2(          21 )=  0.8973194    
  sgml1(          22 )=  9.2559054E-02  sgml2(          22 )=  0.9360087    
  sgml1(          23 )=  4.8656944E-02  sgml2(          23 )=  0.9664105    
  sgml1(          24 )=  1.4668404E-02  sgml2(          24 )=  0.9898832    
   100.0000      0.0000000E+00   100.0000    
   1097.583      0.0000000E+00   1097.583    
   2816.457      0.0000000E+00   2816.457    
   5219.605      0.0000000E+00   5219.605    
   8232.992      0.0000000E+00   8232.992    
   11745.57      0.0000000E+00   11745.57    
   15609.27      0.0000000E+00   15609.27    
   19639.01      0.0000000E+00   19639.01    
   23612.78      0.0000000E+00   23612.78    
   27392.07      0.0000000E+00   27392.07    
   30900.70      3.7453750E-03   31274.86    
   33061.03      2.9031631E-02   35961.29    
   32727.07      9.2124976E-02   41930.36    
   30113.73      0.1907893       49173.58    
   26146.73      0.3107460       57190.26    
   21678.24      0.4360957       65244.20    
   17268.63      0.5554338       72756.47    
   13269.74      0.6613485       79338.46    
   9877.403      0.7499017       84792.58    
   7145.418      0.8204905       89112.42    
   4993.832      0.8756759       92473.86    
   3297.021      0.9189628       95101.41    
   1955.235      0.9530546       97165.39    
   900.6622      0.9797665       98779.34    
   100.0000       1.000000       100000.0    
 midlayer pressures, 100000 pa
   598.7916    
   1957.020    
   4018.031    
   6726.299    
   9989.281    
   13677.42    
   17624.14    
   21625.89    
   25502.43    
   29333.46    
   33618.07    
   38945.82    
   45551.97    
   53181.92    
   61217.23    
   69000.33    
   76047.47    
   82065.52    
   86952.50    
   90793.14    
   93787.64    
   96133.41    
   97972.36    
   99389.67    
 layer thhicknesses, 100000 pa
   997.5833    
   1718.874    
   2403.148    
   3013.387    
   3512.578    
   3863.702    
   4029.739    
   3973.768    
   3779.291    
   3882.791    
   4686.427    
   5969.072    
   7243.219    
   8016.678    
   8053.941    
   7512.270    
   6581.992    
   5454.117    
   4319.844    
   3361.438    
   2627.555    
   2063.977    
   1613.945    
   1220.664    
 midlayer pressures, 75000 pa
   598.7916    
   1957.020    
   4018.031    
   6726.299    
   9989.281    
   13677.42    
   17624.14    
   21625.89    
   25502.43    
   29286.65    
   33208.36    
   37431.37    
   42015.54    
   46912.73    
   51881.70    
   56606.21    
   60837.68    
   64424.89    
   67322.59    
   69591.05    
   71354.65    
   72733.19    
   73812.09    
   74642.59    
 layer thhicknesses, 75000 pa
   997.5833    
   1718.874    
   2403.148    
   3013.387    
   3512.578    
   3863.702    
   4029.739    
   3973.768    
   3779.291    
   3789.158    
   4054.268    
   4391.738    
   4776.613    
   5017.762    
   4920.197    
   4528.818    
   3934.117    
   3240.293    
   2555.121    
   1981.797    
   1545.391    
   1211.680    
   946.1484    
   714.8281    
 midlayer pressures, 50000 pa
   598.7916    
   1957.020    
   4018.031    
   6726.299    
   9989.281    
   13677.42    
   17624.14    
   21625.89    
   25502.43    
   29239.83    
   32798.65    
   35916.91    
   38479.11    
   40643.54    
   42546.18    
   44212.09    
   45627.91    
   46784.27    
   47692.70    
   48388.98    
   48921.66    
   49332.96    
   49651.84    
   49895.51    
 layer thhicknesses, 50000 pa
   997.5833    
   1718.874    
   2403.148    
   3013.387    
   3512.578    
   3863.702    
   4029.739    
   3973.768    
   3779.291    
   3695.523    
   3422.114    
   2814.404    
   2310.007    
   2018.842    
   1786.457    
   1545.363    
   1286.254    
   1026.465    
   790.3984    
   602.1641    
   463.2070    
   359.3945    
   278.3516    
   208.9883    
[BINARY EXECUTION WRAPPER] ------------------------------------
[JAVA EXECUTOR] executeTask - End task execution
