[JAVA EXECUTOR] executeTask - Begin task execution
WORKER - Parameters of execution:
  * Method type: BINARY
  * Method definition: [BINARY=/gpfs/projects/bsc19/bsc19533/NMMB-BSC/nmmb-bsc-ctm-v2.0/PREPROC/FIXED/toposeamask.x]
  * Parameter types: java.lang.String java.lang.String java.lang.String java.lang.String java.lang.String java.lang.String
  * Parameter values: /scratch/tmp/b663fb84-ce0f-4725-8974-1ed5db6a4d72/s10r1b81-ib0/sandBox/job_29/seamaskDEM /scratch/tmp/b663fb84-ce0f-4725-8974-1ed5db6a4d72/s10r1b81-ib0/sandBox/job_29/seamask /scratch/tmp/b663fb84-ce0f-4725-8974-1ed5db6a4d72/s10r1b81-ib0/sandBox/job_29/height /scratch/tmp/b663fb84-ce0f-4725-8974-1ed5db6a4d72/s10r1b81-ib0/sandBox/job_29/landuse /scratch/tmp/b663fb84-ce0f-4725-8974-1ed5db6a4d72/s10r1b81-ib0/sandBox/job_29/topsoiltype /scratch/tmp/b663fb84-ce0f-4725-8974-1ed5db6a4d72/s10r1b81-ib0/sandBox/job_29/botsoiltype
  * Parameter streams: UNSPECIFIED UNSPECIFIED UNSPECIFIED UNSPECIFIED UNSPECIFIED UNSPECIFIED
  * Parameter prefixes: null null null null null null

[BINARY INVOKER] Begin binary call to /gpfs/projects/bsc19/bsc19533/NMMB-BSC/nmmb-bsc-ctm-v2.0/PREPROC/FIXED/toposeamask.x
[BINARY INVOKER] On WorkingDir : /scratch/tmp/b663fb84-ce0f-4725-8974-1ed5db6a4d72/s10r1b81-ib0/sandBox/job_29
[BINARY INVOKER] BINARY CMD: /gpfs/projects/bsc19/bsc19533/NMMB-BSC/nmmb-bsc-ctm-v2.0/PREPROC/FIXED/toposeamask.x /scratch/tmp/b663fb84-ce0f-4725-8974-1ed5db6a4d72/s10r1b81-ib0/sandBox/job_29/seamaskDEM /scratch/tmp/b663fb84-ce0f-4725-8974-1ed5db6a4d72/s10r1b81-ib0/sandBox/job_29/seamask /scratch/tmp/b663fb84-ce0f-4725-8974-1ed5db6a4d72/s10r1b81-ib0/sandBox/job_29/height /scratch/tmp/b663fb84-ce0f-4725-8974-1ed5db6a4d72/s10r1b81-ib0/sandBox/job_29/landuse /scratch/tmp/b663fb84-ce0f-4725-8974-1ed5db6a4d72/s10r1b81-ib0/sandBox/job_29/topsoiltype /scratch/tmp/b663fb84-ce0f-4725-8974-1ed5db6a4d72/s10r1b81-ib0/sandBox/job_29/botsoiltype 
[BINARY INVOKER] Binary STDIN: null
[BINARY INVOKER] Binary STDOUT: null
[BINARY INVOKER] Binary STDERR: null
[BINARY EXECUTION WRAPPER] ------------------------------------
[BINARY EXECUTION WRAPPER] Executing binary command
[BINARY EXECUTION WRAPPER] ------------------------------------
[BINARY EXECUTION WRAPPER] CMD EXIT VALUE: 0
[BINARY EXECUTION WRAPPER] ------------------------------------
[BINARY EXECUTION WRAPPER] CMD OUTPUT:
 Topography height
   0.   0.   0.   0.   0.   0.   0.   0.
   0.   0. 465.1293.   0.   0.   0.   0.
   0.   0.  89.2504.   0.   0. 164.   0.
   0.1158.   0.   0.  75.  60. 562.   0.
   0.   0. 181.   0. 395. 273. 743.   0.
   0.   0. 309.   0.   0. 560. 781.   0.
   0.   0.   0.   0. 241.1363. 151.   0.
   0.   0.   0.   0. 868.   0.   0.   0.
   0.   0.   0.   0. 361.   0.   0.   0.
   0.   0.   0.   0. 344.   0. 287.   0.
   0.   0.   0.   0.1093.   0.   0.   0.
   0.   0.   0.   0.1329.   0.   0.   0.
   0.   0.   0.   0.   0.   0. 138.   0.
   0.   0.   0.   0.   0.   0.   0.   0.
   0.   0.   0.   0.   0.   0.   0.   0.
   0.   0.   0.   0.   0.   0.   0.   0.
   0.   0.   0.   0.   0.1233.2301.   0.
   0.1024. 824.   0.2957.3781.3185.   0.
2794.2794.2794.2794.2794.2794.2794.2794.
 Height file written to ../output/height
 seamask
   1.   1.   1.   1.   1.   1.   1.   1.
   1.   1.   0.   0.   1.   1.   1.   1.
   1.   1.   0.   0.   1.   1.   0.   1.
   1.   0.   1.   1.   0.   0.   0.   1.
   1.   1.   0.   1.   0.   0.   0.   1.
   1.   1.   0.   1.   1.   0.   0.   1.
   1.   1.   1.   1.   0.   0.   0.   1.
   1.   1.   1.   1.   0.   1.   1.   1.
   1.   1.   1.   1.   0.   1.   1.   1.
   1.   1.   1.   1.   0.   1.   0.   1.
   1.   1.   1.   1.   0.   1.   1.   1.
   1.   1.   1.   1.   0.   1.   1.   1.
   1.   1.   1.   1.   1.   1.   0.   1.
   1.   1.   1.   1.   1.   1.   1.   1.
   1.   1.   1.   1.   1.   1.   1.   1.
   1.   1.   1.   1.   1.   1.   1.   1.
   1.   1.   1.   1.   1.   0.   0.   1.
   1.   0.   0.   1.   0.   0.   0.   1.
   0.   0.   0.   0.   0.   0.   0.   0.
 Sea mask file written to ../output/seamask
 Revised landuse file written to ../output/landuse
 Revised bottom soil written to ../output/botsoiltype
 Revised top soil written to ../output/topsoiltype
 Enjoy your new files!
[BINARY EXECUTION WRAPPER] ------------------------------------
[JAVA EXECUTOR] executeTask - End task execution
