[JAVA EXECUTOR] executeTask - Begin task execution
WORKER - Parameters of execution:
  * Method type: BINARY
  * Method definition: [BINARY=/gpfs/projects/bsc19/bsc19533/NMMB-BSC/nmmb-bsc-ctm-v2.0/PREPROC/FIXED/topsoiltype.x]
  * Parameter types: java.lang.String java.lang.String java.lang.String
  * Parameter values: /scratch/tmp/b663fb84-ce0f-4725-8974-1ed5db6a4d72/s10r1b81-ib0/sandBox/job_26/seamaskDEM /gpfs/projects/bsc19/bsc19533/NMMB-BSC/nmmb-bsc-ctm-v2.0/PREPROC/FIXED/../geodata/soiltype_top_30s/ /scratch/tmp/b663fb84-ce0f-4725-8974-1ed5db6a4d72/s10r1b81-ib0/sandBox/job_26/topsoiltype
  * Parameter streams: UNSPECIFIED UNSPECIFIED UNSPECIFIED
  * Parameter prefixes: null null null

[BINARY INVOKER] Begin binary call to /gpfs/projects/bsc19/bsc19533/NMMB-BSC/nmmb-bsc-ctm-v2.0/PREPROC/FIXED/topsoiltype.x
[BINARY INVOKER] On WorkingDir : /scratch/tmp/b663fb84-ce0f-4725-8974-1ed5db6a4d72/s10r1b81-ib0/sandBox/job_26
[BINARY INVOKER] BINARY CMD: /gpfs/projects/bsc19/bsc19533/NMMB-BSC/nmmb-bsc-ctm-v2.0/PREPROC/FIXED/topsoiltype.x /scratch/tmp/b663fb84-ce0f-4725-8974-1ed5db6a4d72/s10r1b81-ib0/sandBox/job_26/seamaskDEM /gpfs/projects/bsc19/bsc19533/NMMB-BSC/nmmb-bsc-ctm-v2.0/PREPROC/FIXED/../geodata/soiltype_top_30s/ /scratch/tmp/b663fb84-ce0f-4725-8974-1ed5db6a4d72/s10r1b81-ib0/sandBox/job_26/topsoiltype 
[BINARY INVOKER] Binary STDIN: null
[BINARY INVOKER] Binary STDOUT: null
[BINARY INVOKER] Binary STDERR: null
[BINARY EXECUTION WRAPPER] ------------------------------------
[BINARY EXECUTION WRAPPER] Executing binary command
[BINARY EXECUTION WRAPPER] ------------------------------------
[BINARY EXECUTION WRAPPER] CMD EXIT VALUE: 0
[BINARY EXECUTION WRAPPER] ------------------------------------
[BINARY EXECUTION WRAPPER] CMD OUTPUT:
 Processing 
 /gpfs/projects/bsc19/bsc19533/NMMB-BSC/nmmb-bsc-ctm-v2.0/PREPROC/FIXED/../geoda
 ta/soiltype_top_30s/00001-01200.00001-01200      
 Processing 
 /gpfs/projects/bsc19/bsc19533/NMMB-BSC/nmmb-bsc-ctm-v2.0/PREPROC/FIXED/../geoda
 ta/soiltype_top_30s/00001-01200.01201-02400      
 Processing 
 /gpfs/projects/bsc19/bsc19533/NMMB-BSC/nmmb-bsc-ctm-v2.0/PREPROC/FIXED/../geoda
 ta/soiltype_top_30s/00001-01200.02401-03600      
 Processing 
 /gpfs/projects/bsc19/bsc19533/NMMB-BSC/nmmb-bsc-ctm-v2.0/PREPROC/FIXED/../geoda
 ta/soiltype_top_30s/00001-01200.03601-04800      
 Processing 
 /gpfs/projects/bsc19/bsc19533/NMMB-BSC/nmmb-bsc-ctm-v2.0/PREPROC/FIXED/../geoda
 ta/soiltype_top_30s/00001-01200.04801-06000      
 Processing 
 /gpfs/projects/bsc19/bsc19533/NMMB-BSC/nmmb-bsc-ctm-v2.0/PREPROC/FIXED/../geoda
 ta/soiltype_top_30s/00001-01200.06001-07200      
 Processing 
 /gpfs/projects/bsc19/bsc19533/NMMB-BSC/nmmb-bsc-ctm-v2.0/PREPROC/FIXED/../geoda
 ta/soiltype_top_30s/00001-01200.07201-08400      
 Processing 
 /gpfs/projects/bsc19/bsc19533/NMMB-BSC/nmmb-bsc-ctm-v2.0/PREPROC/FIXED/../geoda
 ta/soiltype_top_30s/00001-01200.08401-09600      
 Processing 
 /gpfs/projects/bsc19/bsc19533/NMMB-BSC/nmmb-bsc-ctm-v2.0/PREPROC/FIXED/../geoda
 ta/soiltype_top_30s/00001-01200.09601-10800      
 Processing 
 /gpfs/projects/bsc19/bsc19533/NMMB-BSC/nmmb-bsc-ctm-v2.0/PREPROC/FIXED/../geoda
 ta/soiltype_top_30s/00001-01200.10801-12000      
 Processing 
 /gpfs/projects/bsc19/bsc19533/NMMB-BSC/nmmb-bsc-ctm-v2.0/PREPROC/FIXED/../geoda
 ta/soiltype_top_30s/00001-01200.12001-13200      
 Processing 
 /gpfs/projects/bsc19/bsc19533/NMMB-BSC/nmmb-bsc-ctm-v2.0/PREPROC/FIXED/../geoda
 ta/soiltype_top_30s/00001-01200.13201-14400      
 Processing 
 /gpfs/projects/bsc19/bsc19533/NMMB-BSC/nmmb-bsc-ctm-v2.0/PREPROC/FIXED/../geoda
 ta/soiltype_top_30s/00001-01200.14401-15600      
 Processing 
 /gpfs/projects/bsc19/bsc19533/NMMB-BSC/nmmb-bsc-ctm-v2.0/PREPROC/FIXED/../geoda
 ta/soiltype_top_30s/00001-01200.15601-16800      
 Processing 
 /gpfs/projects/bsc19/bsc19533/NMMB-BSC/nmmb-bsc-ctm-v2.0/PREPROC/FIXED/../geoda
 ta/soiltype_top_30s/00001-01200.16801-18000      
 Processing 
 /gpfs/projects/bsc19/bsc19533/NMMB-BSC/nmmb-bsc-ctm-v2.0/PREPROC/FIXED/../geoda
 ta/soiltype_top_30s/00001-01200.18001-19200      
 Processing 
 /gpfs/projects/bsc19/bsc19533/NMMB-BSC/nmmb-bsc-ctm-v2.0/PREPROC/FIXED/../geoda
 ta/soiltype_top_30s/00001-01200.19201-20400      
 Processing 
 /gpfs/projects/bsc19/bsc19533/NMMB-BSC/nmmb-bsc-ctm-v2.0/PREPROC/FIXED/../geoda
 ta/soiltype_top_30s/00001-01200.20401-21600      
 14 14 14 14 14 14 14 14 14 14 14 14 14
 14 14 14 14  7 16 14 14 14 14 14 14 14
 14  6 14  6 14 16 14 14 14  6  6  6  6
 14  7  6  3 14 14 14  3  4  6  4  4 14
 14 14  3  9  3 14 14  6  6  6  6  6 14
 14 14  6  8 14 14 14  7  6  6  1 14 14
 14 14 14  3 14 14 14  6  6  6  6 14 14
 14 14 14 14 14 14  1  6  3  9  9 14 14
 14 14 14 14  9 14  7  9  6 14 14 14 14
 14 14 14 14  6 14 14  6 14 14  9 14 14
 14 14 14 14  7  9 14  7 14 14 14 14 14
 14 14 14 14 13 14 14  3  6 14 14  3 14
 14 14 14 14  3 14 14 14 14 14 14  6 14
 14 14 14 14  6 14 14 14 14 14 14 14 14
 14 14 14 14 14 14 14 14 14 14 14 14 14
 14 14 14 14 14 14 14 14 14 14 14 14 14
 14 14 14 14  7 14 14 14  7 14  7  7  7
 14 14  7  7 14 14  7  7  7  7  7  7  7
  7  7  7  7  7  7  7  7  7  7  7  7  7
 topsoiltype file written to ../output/topsoiltype
 Enjoy your top soil type!
[BINARY EXECUTION WRAPPER] ------------------------------------
[JAVA EXECUTOR] executeTask - End task execution
