[JAVA EXECUTOR] executeTask - Begin task execution
WORKER - Parameters of execution:
  * Method type: BINARY
  * Method definition: [BINARY=/gpfs/projects/bsc19/bsc19533/NMMB-BSC/nmmb-bsc-ctm-v2.0/PREPROC/FIXED/envelope.x]
  * Parameter types: java.lang.String java.lang.String java.lang.String
  * Parameter values: /scratch/tmp/b663fb84-ce0f-4725-8974-1ed5db6a4d72/s10r1b81-ib0/sandBox/job_28/heightmean /scratch/tmp/b663fb84-ce0f-4725-8974-1ed5db6a4d72/s10r1b81-ib0/sandBox/job_28/stdh /scratch/tmp/b663fb84-ce0f-4725-8974-1ed5db6a4d72/s10r1b81-ib0/sandBox/job_28/height
  * Parameter streams: UNSPECIFIED UNSPECIFIED UNSPECIFIED
  * Parameter prefixes: null null null

[BINARY INVOKER] Begin binary call to /gpfs/projects/bsc19/bsc19533/NMMB-BSC/nmmb-bsc-ctm-v2.0/PREPROC/FIXED/envelope.x
[BINARY INVOKER] On WorkingDir : /scratch/tmp/b663fb84-ce0f-4725-8974-1ed5db6a4d72/s10r1b81-ib0/sandBox/job_28
[BINARY INVOKER] BINARY CMD: /gpfs/projects/bsc19/bsc19533/NMMB-BSC/nmmb-bsc-ctm-v2.0/PREPROC/FIXED/envelope.x /scratch/tmp/b663fb84-ce0f-4725-8974-1ed5db6a4d72/s10r1b81-ib0/sandBox/job_28/heightmean /scratch/tmp/b663fb84-ce0f-4725-8974-1ed5db6a4d72/s10r1b81-ib0/sandBox/job_28/stdh /scratch/tmp/b663fb84-ce0f-4725-8974-1ed5db6a4d72/s10r1b81-ib0/sandBox/job_28/height 
[BINARY INVOKER] Binary STDIN: null
[BINARY INVOKER] Binary STDOUT: null
[BINARY INVOKER] Binary STDERR: null
[BINARY EXECUTION WRAPPER] ------------------------------------
[BINARY EXECUTION WRAPPER] Executing binary command
[BINARY EXECUTION WRAPPER] ------------------------------------
[BINARY EXECUTION WRAPPER] CMD EXIT VALUE: 0
[BINARY EXECUTION WRAPPER] ------------------------------------
[BINARY EXECUTION WRAPPER] CMD OUTPUT:
 Mean orography
   0.   0.   0.   0.   0.   0.   0.
   0.   0. 285.   3.  14.  81.   0.
  19.  88. 173.   0.   0. 367.  20.
   0. 642.   3.   0. 160. 341.   7.
   0. 869. 277.   0. 103.1602.   5.
   0. 421.   0.   0.1746.1329.   0.
   0.   0.   0.  19. 271.3855.   0.
   0.   0.   0. 310. 818. 743.   0.
   0.   0. 308. 472. 686.   1.   0.
   0.   0. 113.   0.   0. 220.   0.
   0.   0. 176.   0.   1.   0.   0.
   0.   0.3886.   0. 312.   0.   0.
   0.   0.1097.   0.   0.   0.   0.
   0.   0. 518.   0.   0.   0.   0.
   0.   0.  31.   0.   0.   0.   0.
   0.   0.   0.   0.   0.   0.   0.
   0.   0. 882.   0.2088.2585.1162.
   0.1367.  13.1810.3667.3555.1047.
2818.2741.2715.2755.2833.2876.2845.
 Envelope orography, stdfac=  0.0000000E+00
   0.   0.   0.   0.   0.   0.   0.
   0.   0. 285.   3.  14.  81.   0.
  19.  88. 173.   0.   0. 367.  20.
   0. 642.   3.   0. 160. 341.   7.
   0. 869. 277.   0. 103.1602.   5.
   0. 421.   0.   0.1746.1329.   0.
   0.   0.   0.  19. 271.3855.   0.
   0.   0.   0. 310. 818. 743.   0.
   0.   0. 308. 472. 686.   1.   0.
   0.   0. 113.   0.   0. 220.   0.
   0.   0. 176.   0.   1.   0.   0.
   0.   0.3886.   0. 312.   0.   0.
   0.   0.1097.   0.   0.   0.   0.
   0.   0. 518.   0.   0.   0.   0.
   0.   0.  31.   0.   0.   0.   0.
   0.   0.   0.   0.   0.   0.   0.
   0.   0. 882.   0.2088.2585.1162.
   0.1367.  13.1810.3667.3555.1047.
2818.2741.2715.2755.2833.2876.2845.
 Envelope topography written to ../output/height
 Enjoy your envelope topography file!
[BINARY EXECUTION WRAPPER] ------------------------------------
[JAVA EXECUTOR] executeTask - End task execution
