[JAVA EXECUTOR] executeTask - Begin task execution
WORKER - Parameters of execution:
  * Method type: BINARY
  * Method definition: [BINARY=/gpfs/projects/bsc19/bsc19533/NMMB-BSC/nmmb-bsc-ctm-v2.0/PREPROC/FIXED/gfdlco2.x]
  * Parameter types: java.lang.String java.lang.String java.lang.String
  * Parameter values: /scratch/tmp/b663fb84-ce0f-4725-8974-1ed5db6a4d72/s10r1b81-ib0/sandBox/job_24/dsg /gpfs/projects/bsc19/bsc19533/NMMB-BSC/nmmb-bsc-ctm-v2.0/PREPROC/FIXED/../geodata/co2data/ /scratch/tmp/b663fb84-ce0f-4725-8974-1ed5db6a4d72/s10r1b81-ib0/sandBox/job_24/co2_trans
  * Parameter streams: UNSPECIFIED UNSPECIFIED UNSPECIFIED
  * Parameter prefixes: null null null

[BINARY INVOKER] Begin binary call to /gpfs/projects/bsc19/bsc19533/NMMB-BSC/nmmb-bsc-ctm-v2.0/PREPROC/FIXED/gfdlco2.x
[BINARY INVOKER] On WorkingDir : /scratch/tmp/b663fb84-ce0f-4725-8974-1ed5db6a4d72/s10r1b81-ib0/sandBox/job_24
[BINARY INVOKER] BINARY CMD: /gpfs/projects/bsc19/bsc19533/NMMB-BSC/nmmb-bsc-ctm-v2.0/PREPROC/FIXED/gfdlco2.x /scratch/tmp/b663fb84-ce0f-4725-8974-1ed5db6a4d72/s10r1b81-ib0/sandBox/job_24/dsg /gpfs/projects/bsc19/bsc19533/NMMB-BSC/nmmb-bsc-ctm-v2.0/PREPROC/FIXED/../geodata/co2data/ /scratch/tmp/b663fb84-ce0f-4725-8974-1ed5db6a4d72/s10r1b81-ib0/sandBox/job_24/co2_trans 
[BINARY INVOKER] Binary STDIN: null
[BINARY INVOKER] Binary STDOUT: null
[BINARY INVOKER] Binary STDERR: null
[BINARY EXECUTION WRAPPER] ------------------------------------
[BINARY EXECUTION WRAPPER] Executing binary command
[BINARY EXECUTION WRAPPER] ------------------------------------
[BINARY EXECUTION WRAPPER] CMD EXIT VALUE: 0
[BINARY EXECUTION WRAPPER] ------------------------------------
[BINARY EXECUTION WRAPPER] CMD OUTPUT:
 ENTER SIGP PPTOP= 0.10000E+00 KD=24 KP=25
  0.0000000E+00  9.8575419E-03  2.6842460E-02  5.0588980E-02  8.0365539E-02
  0.1150748      0.1532537      0.1930732      0.2323397      0.2696845    
  0.3081001      0.3547335      0.4145269      0.4873677      0.5681248    
  0.6493194      0.7250843      0.7914843      0.8465163      0.8901092    
  0.9240339      0.9505540      0.9713870      0.9876782    
 PTOP =  0.10
   0.506655 -0.471898 -1.431908 -2.368264 -3.274429 -4.141873 -4.960054
  -5.717581 -6.404096 -7.012209 -7.539428 -7.989924 -8.374169 -8.705256
  -8.993858 -9.244619 -9.457113 -9.630104 -9.764133 -9.861757 -9.927168
  -9.965845 -9.984176 -9.989100
   1.000000  0.013310 -0.957106 -1.906709 -2.829819 -3.719038 -4.564708
  -5.355402 -6.079761 -6.728431 -7.295988 -7.782868 -8.196980 -8.551359
  -8.859151 -9.128567 -9.360673 -9.553554 -9.706654 -9.821613 -9.901898
  -9.952437 -9.979252 -9.989100 -9.989100
[BINARY EXECUTION WRAPPER] ------------------------------------
[JAVA EXECUTOR] executeTask - End task execution
