[JAVA EXECUTOR] executeTask - Begin task execution
WORKER - Parameters of execution:
  * Method type: BINARY
  * Method definition: [BINARY=/gpfs/projects/bsc19/bsc19533/NMMB-BSC/nmmb-bsc-ctm-v2.0/PREPROC/FIXED/stdhtopo.x]
  * Parameter types: java.lang.String java.lang.String
  * Parameter values: /scratch/tmp/b663fb84-ce0f-4725-8974-1ed5db6a4d72/s10r1b81-ib0/sandBox/job_30/seamask /scratch/tmp/b663fb84-ce0f-4725-8974-1ed5db6a4d72/s10r1b81-ib0/sandBox/job_30/stdh
  * Parameter streams: UNSPECIFIED UNSPECIFIED
  * Parameter prefixes: null null

[BINARY INVOKER] Begin binary call to /gpfs/projects/bsc19/bsc19533/NMMB-BSC/nmmb-bsc-ctm-v2.0/PREPROC/FIXED/stdhtopo.x
[BINARY INVOKER] On WorkingDir : /scratch/tmp/b663fb84-ce0f-4725-8974-1ed5db6a4d72/s10r1b81-ib0/sandBox/job_30
[BINARY INVOKER] BINARY CMD: /gpfs/projects/bsc19/bsc19533/NMMB-BSC/nmmb-bsc-ctm-v2.0/PREPROC/FIXED/stdhtopo.x /scratch/tmp/b663fb84-ce0f-4725-8974-1ed5db6a4d72/s10r1b81-ib0/sandBox/job_30/seamask /scratch/tmp/b663fb84-ce0f-4725-8974-1ed5db6a4d72/s10r1b81-ib0/sandBox/job_30/stdh 
[BINARY INVOKER] Binary STDIN: null
[BINARY INVOKER] Binary STDOUT: null
[BINARY INVOKER] Binary STDERR: null
[BINARY EXECUTION WRAPPER] ------------------------------------
[BINARY EXECUTION WRAPPER] Executing binary command
[BINARY EXECUTION WRAPPER] ------------------------------------
[BINARY EXECUTION WRAPPER] CMD EXIT VALUE: 0
[BINARY EXECUTION WRAPPER] ------------------------------------
[BINARY EXECUTION WRAPPER] CMD OUTPUT:
 STDH
   0.   0.   0.   0.   0.   0.   0.
   0.   0. 422.   0.   0.   0.   0.
   0.   0.   0.   0.   0. 164.  15.
   0. 316.   0.   0.  30.  50.   0.
   0. 748. 220.   0.  67. 308.   0.
   0. 488.   0.   0. 667. 227.   0.
   0.   0.   0.   0. 122. 843.   0.
   0.   0.   0.  67. 199. 294.   0.
   0.   0. 343. 210. 504.   0.   0.
   0.   0.  76.   0.   0. 317.   0.
   0.   0.  36.   0.   0.   0.   0.
   0.   0. 326.   0. 349.   0.   0.
   0.   0. 722.   0.   0.   0.   0.
   0.   0. 304.   0.   0.   0.   0.
   0.   0.   0.   0.   0.   0.   0.
   0.   0.   0.   0.   0.   0.   0.
   0.   0. 711.   0. 257. 143. 635.
   0. 161.   0. 239.  57. 111. 789.
 317. 317. 317. 317. 317. 317. 317.
 Height standard deviation file written to ../output/stdh
 Enjoy your modified standard deviation file!
[BINARY EXECUTION WRAPPER] ------------------------------------
[JAVA EXECUTOR] executeTask - End task execution
