[JAVA EXECUTOR] executeTask - Begin task execution
WORKER - Parameters of execution:
  * Method type: BINARY
  * Method definition: [BINARY=/gpfs/projects/bsc19/bsc19533/NMMB-BSC/nmmb-bsc-ctm-v2.0/PREPROC/VARIABLE/cnv_rrtm.x]
  * Parameter types: java.lang.String java.lang.String java.lang.String java.lang.String java.lang.String java.lang.String java.lang.String
  * Parameter values: /scratch/tmp/b663fb84-ce0f-4725-8974-1ed5db6a4d72/s10r1b81-ib0/sandBox/job_48/131140000.gfs /scratch/tmp/b663fb84-ce0f-4725-8974-1ed5db6a4d72/s10r1b81-ib0/sandBox/job_48/llspl.000 /scratch/tmp/b663fb84-ce0f-4725-8974-1ed5db6a4d72/s10r1b81-ib0/sandBox/job_48/llstmp /scratch/tmp/b663fb84-ce0f-4725-8974-1ed5db6a4d72/s10r1b81-ib0/sandBox/job_48/llsmst /scratch/tmp/b663fb84-ce0f-4725-8974-1ed5db6a4d72/s10r1b81-ib0/sandBox/job_48/llgsst /scratch/tmp/b663fb84-ce0f-4725-8974-1ed5db6a4d72/s10r1b81-ib0/sandBox/job_48/llgsno /scratch/tmp/b663fb84-ce0f-4725-8974-1ed5db6a4d72/s10r1b81-ib0/sandBox/job_48/llgcic
  * Parameter streams: UNSPECIFIED UNSPECIFIED UNSPECIFIED UNSPECIFIED UNSPECIFIED UNSPECIFIED UNSPECIFIED
  * Parameter prefixes: null null null null null null null

[BINARY INVOKER] Begin binary call to /gpfs/projects/bsc19/bsc19533/NMMB-BSC/nmmb-bsc-ctm-v2.0/PREPROC/VARIABLE/cnv_rrtm.x
[BINARY INVOKER] On WorkingDir : /scratch/tmp/b663fb84-ce0f-4725-8974-1ed5db6a4d72/s10r1b81-ib0/sandBox/job_48
[BINARY INVOKER] BINARY CMD: /gpfs/projects/bsc19/bsc19533/NMMB-BSC/nmmb-bsc-ctm-v2.0/PREPROC/VARIABLE/cnv_rrtm.x /scratch/tmp/b663fb84-ce0f-4725-8974-1ed5db6a4d72/s10r1b81-ib0/sandBox/job_48/131140000.gfs /scratch/tmp/b663fb84-ce0f-4725-8974-1ed5db6a4d72/s10r1b81-ib0/sandBox/job_48/llspl.000 /scratch/tmp/b663fb84-ce0f-4725-8974-1ed5db6a4d72/s10r1b81-ib0/sandBox/job_48/llstmp /scratch/tmp/b663fb84-ce0f-4725-8974-1ed5db6a4d72/s10r1b81-ib0/sandBox/job_48/llsmst /scratch/tmp/b663fb84-ce0f-4725-8974-1ed5db6a4d72/s10r1b81-ib0/sandBox/job_48/llgsst /scratch/tmp/b663fb84-ce0f-4725-8974-1ed5db6a4d72/s10r1b81-ib0/sandBox/job_48/llgsno /scratch/tmp/b663fb84-ce0f-4725-8974-1ed5db6a4d72/s10r1b81-ib0/sandBox/job_48/llgcic 
[BINARY INVOKER] Binary STDIN: null
[BINARY INVOKER] Binary STDOUT: null
[BINARY INVOKER] Binary STDERR: null
[BINARY EXECUTION WRAPPER] ------------------------------------
[BINARY EXECUTION WRAPPER] Executing binary command
[BINARY EXECUTION WRAPPER] ------------------------------------
[BINARY EXECUTION WRAPPER] CMD EXIT VALUE: 0
[BINARY EXECUTION WRAPPER] ------------------------------------
[BINARY EXECUTION WRAPPER] CMD OUTPUT:
 ***  year=2013 month= 4 day=24 ihrst= 0 ihr=  0  ***
 *** Data read in io from 
 /scratch/tmp/b663fb84-ce0f-4725-8974-1ed5db6a4d72/s10r1b81-ib0/sandBox/job_48/1
 31140000.gfs                                                                   
                                                                                
                    
  
 ****************************************
 ***** 282. 282. 285. 278. 286.**********
  309.***** 279.********** 304.**********
 ********** 296.*************** 299.*****
 *************** 283.********** 292.*****
 ****************************************
  226. 226. 226. 226. 226. 226. 226. 226.
 l=           1  tmin=   217.3000      tmax=  9.9990003E+20
  
 ****************************************
 ***** 0.30 0.24 0.30 0.22 0.19**********
  0.14***** 0.39********** 0.25**********
 ********** 0.37*************** 0.36*****
 *************** 0.28********** 0.23*****
 ****************************************
  1.00 1.00 1.00 1.00 1.00 1.00 1.00 1.00
 l=           1  wmin=  3.3000000E-02  wmax=  9.9990003E+20
  
 ****************************************
 ***** 282. 282. 281. 279. 282.**********
  310.***** 280.********** 300.**********
 ********** 297.*************** 299.*****
 *************** 286.********** 289.*****
 ****************************************
  226. 226. 226. 226. 226. 226. 226. 226.
 l=           2  tmin=   217.7000      tmax=  9.9990003E+20
  
 ****************************************
 ***** 0.29 0.23 0.30 0.23 0.18**********
  0.13***** 0.39********** 0.26**********
 ********** 0.37*************** 0.37*****
 *************** 0.29********** 0.30*****
 ****************************************
  1.00 1.00 1.00 1.00 1.00 1.00 1.00 1.00
 l=           2  wmin=  9.4000012E-02  wmax=  9.9990003E+20
  
 ****************************************
 ***** 281. 280. 278. 278. 280.**********
  308.***** 280.********** 300.**********
 ********** 297.*************** 299.*****
 *************** 286.********** 290.*****
 ****************************************
  227. 227. 227. 227. 227. 227. 227. 227.
 l=           3  tmin=   219.2500      tmax=  9.9990003E+20
  
 ****************************************
 ***** 0.26 0.19 0.30 0.24 0.18**********
  0.13***** 0.40********** 0.25**********
 ********** 0.38*************** 0.36*****
 *************** 0.26********** 0.31*****
 ****************************************
  1.00 1.00 1.00 1.00 1.00 1.00 1.00 1.00
 l=           3  wmin=  9.5000014E-02  wmax=  9.9990003E+20
  
 ****************************************
 ***** 278. 276. 274. 277. 276.**********
  305.***** 279.********** 299.**********
 ********** 297.*************** 299.*****
 *************** 288.********** 290.*****
 ****************************************
  228. 228. 228. 228. 228. 228. 228. 228.
 l=           4  tmin=   220.3400      tmax=  9.9990003E+20
  
 ****************************************
 ***** 0.25 0.19 0.29 0.24 0.19**********
  0.13***** 0.40********** 0.18**********
 ********** 0.39*************** 0.35*****
 *************** 0.29********** 0.30*****
 ****************************************
  1.00 1.00 1.00 1.00 1.00 1.00 1.00 1.00
 l=           4  wmin=  0.1040000      wmax=  9.9990003E+20
  
    5.   5.   5.   5.   5.   5.   5.   5.
    0.   0.   0.   0.   0.   0.   0.   0.
    0.   0.   0.   0.   0.   0.   0.   0.
    0.   0.   0.   0.   0.   0.   0.   0.
    0.   0.   0.   0.   0.   0.   0.   0.
   43.  33.  18.   0.   0.   0.   0.  58.
  100. 100. 100. 100. 100. 100. 100. 100.
 gsno
      1.     1.     1.     1.     1.     1.     1.     1.
      0.     0.     0.     0.     0.     0.     0.     0.
      0.     0.     0.     0.     0.     0.     0.     0.
      0.     0.     0.     0.     0.     0.     0.     0.
      0.     0.     0.     0.     0.     0.     0.     0.
      1.     1.     1.     0.     0.     0.     0.     1.
      0.     0.     0.     0.     0.     0.     0.     0.
 gcic
  266. 266. 266. 266. 266. 266. 266. 266.
  287. 275. 282. 289. 284. 288. 279. 286.
  304. 307. 278. 302. 300. 307. 302. 294.
  298. 300. 295. 303. 301. 296. 296. 297.
  290. 292. 291. 292. 291. 292. 288. 290.
  272. 266. 264. 272. 274. 275. 272. 264.
  221. 221. 221. 221. 221. 221. 221. 221.
 gsst
 *** Data written in io to 
 /scratch/tmp/b663fb84-ce0f-4725-8974-1ed5db6a4d72/s10r1b81-ib0/sandBox/job_48/l
 lstmp                                                                          
                                                                                
                    
 *** Data written in io to 
 /scratch/tmp/b663fb84-ce0f-4725-8974-1ed5db6a4d72/s10r1b81-ib0/sandBox/job_48/l
 lsmst                                                                          
                                                                                
                    
 *** Data written in io to 
 /scratch/tmp/b663fb84-ce0f-4725-8974-1ed5db6a4d72/s10r1b81-ib0/sandBox/job_48/l
 lgsno                                                                          
                                                                                
                    
 *** Data written in io to 
 /scratch/tmp/b663fb84-ce0f-4725-8974-1ed5db6a4d72/s10r1b81-ib0/sandBox/job_48/l
 lgcic                                                                          
                                                                                
                    
 *** Data written in io to 
 /scratch/tmp/b663fb84-ce0f-4725-8974-1ed5db6a4d72/s10r1b81-ib0/sandBox/job_48/l
 lgsst                                                                          
                                                                                
                    
 *** Data written in io to 
 /scratch/tmp/b663fb84-ce0f-4725-8974-1ed5db6a4d72/s10r1b81-ib0/sandBox/job_48/l
 lspl.000                                                                       
                                                                                
                    
  
[BINARY EXECUTION WRAPPER] ------------------------------------
[JAVA EXECUTOR] executeTask - End task execution
