[JAVA EXECUTOR] executeTask - Begin task execution
WORKER - Parameters of execution:
  * Method type: BINARY
  * Method definition: [BINARY=/gpfs/projects/bsc19/bsc19533/NMMB-BSC/nmmb-bsc-ctm-v2.0/PREPROC/VARIABLE/compile_and_exec_read_paul_source.sh]
  * Parameter types: java.lang.String java.lang.String java.lang.String java.lang.String
  * Parameter values: /scratch/tmp/b663fb84-ce0f-4725-8974-1ed5db6a4d72/s10r1b81-ib0/sandBox/job_45/seamask /scratch/tmp/b663fb84-ce0f-4725-8974-1ed5db6a4d72/s10r1b81-ib0/sandBox/job_45/source /scratch/tmp/b663fb84-ce0f-4725-8974-1ed5db6a4d72/s10r1b81-ib0/sandBox/job_45/source.nc /gpfs/projects/bsc19/bsc19533/NMMB-BSC/nmmb-bsc-ctm-v2.0/PREPROC/VARIABLE/include/
  * Parameter streams: UNSPECIFIED UNSPECIFIED UNSPECIFIED UNSPECIFIED
  * Parameter prefixes: null null null null

[BINARY INVOKER] Begin binary call to /gpfs/projects/bsc19/bsc19533/NMMB-BSC/nmmb-bsc-ctm-v2.0/PREPROC/VARIABLE/compile_and_exec_read_paul_source.sh
[BINARY INVOKER] On WorkingDir : /scratch/tmp/b663fb84-ce0f-4725-8974-1ed5db6a4d72/s10r1b81-ib0/sandBox/job_45
[BINARY INVOKER] BINARY CMD: /gpfs/projects/bsc19/bsc19533/NMMB-BSC/nmmb-bsc-ctm-v2.0/PREPROC/VARIABLE/compile_and_exec_read_paul_source.sh /scratch/tmp/b663fb84-ce0f-4725-8974-1ed5db6a4d72/s10r1b81-ib0/sandBox/job_45/seamask /scratch/tmp/b663fb84-ce0f-4725-8974-1ed5db6a4d72/s10r1b81-ib0/sandBox/job_45/source /scratch/tmp/b663fb84-ce0f-4725-8974-1ed5db6a4d72/s10r1b81-ib0/sandBox/job_45/source.nc /gpfs/projects/bsc19/bsc19533/NMMB-BSC/nmmb-bsc-ctm-v2.0/PREPROC/VARIABLE/include/ 
[BINARY INVOKER] Binary STDIN: null
[BINARY INVOKER] Binary STDOUT: null
[BINARY INVOKER] Binary STDERR: null
[BINARY EXECUTION WRAPPER] ------------------------------------
[BINARY EXECUTION WRAPPER] Executing binary command
[BINARY EXECUTION WRAPPER] ------------------------------------
[BINARY EXECUTION WRAPPER] CMD EXIT VALUE: 0
[BINARY EXECUTION WRAPPER] ------------------------------------
[BINARY EXECUTION WRAPPER] CMD OUTPUT:
[RPS_SH] Compile F90 file
[RPS_SH] Execute RPS with /scratch/tmp/b663fb84-ce0f-4725-8974-1ed5db6a4d72/s10r1b81-ib0/sandBox/job_45/seamask /scratch/tmp/b663fb84-ce0f-4725-8974-1ed5db6a4d72/s10r1b81-ib0/sandBox/job_45/source /scratch/tmp/b663fb84-ce0f-4725-8974-1ed5db6a4d72/s10r1b81-ib0/sandBox/job_45/source.nc /gpfs/projects/bsc19/bsc19533/NMMB-BSC/nmmb-bsc-ctm-v2.0/PREPROC/VARIABLE/include/
 *** SUCCESS reading example file dust_source_0.25x0.25.nc! 
 *** SUCCESS writing example file simple_xy.nc! 
[BINARY EXECUTION WRAPPER] ------------------------------------
[JAVA EXECUTOR] executeTask - End task execution
