[JAVA EXECUTOR] executeTask - Begin task execution
WORKER - Parameters of execution:
  * Method type: BINARY
  * Method definition: [BINARY=/gpfs/projects/bsc19/bsc19533/NMMB-BSC/nmmb-bsc-ctm-v2.0/PREPROC/VARIABLE/gfs2model_rrtm.x]
  * Parameter types: java.lang.String java.lang.String java.lang.String java.lang.String java.lang.String java.lang.String java.lang.String java.lang.String java.lang.String java.lang.String java.lang.String java.lang.String java.lang.String java.lang.String java.lang.String java.lang.String java.lang.String java.lang.String java.lang.String
  * Parameter values: /scratch/tmp/b663fb84-ce0f-4725-8974-1ed5db6a4d72/s10r1b81-ib0/sandBox/job_46/00_CW.dump /scratch/tmp/b663fb84-ce0f-4725-8974-1ed5db6a4d72/s10r1b81-ib0/sandBox/job_46/00_ICEC.dump /scratch/tmp/b663fb84-ce0f-4725-8974-1ed5db6a4d72/s10r1b81-ib0/sandBox/job_46/00_SH.dump /scratch/tmp/b663fb84-ce0f-4725-8974-1ed5db6a4d72/s10r1b81-ib0/sandBox/job_46/00_SOILT2.dump /scratch/tmp/b663fb84-ce0f-4725-8974-1ed5db6a4d72/s10r1b81-ib0/sandBox/job_46/00_SOILT4.dump /scratch/tmp/b663fb84-ce0f-4725-8974-1ed5db6a4d72/s10r1b81-ib0/sandBox/job_46/00_SOILW2.dump /scratch/tmp/b663fb84-ce0f-4725-8974-1ed5db6a4d72/s10r1b81-ib0/sandBox/job_46/00_SOILW4.dump /scratch/tmp/b663fb84-ce0f-4725-8974-1ed5db6a4d72/s10r1b81-ib0/sandBox/job_46/00_TT.dump /scratch/tmp/b663fb84-ce0f-4725-8974-1ed5db6a4d72/s10r1b81-ib0/sandBox/job_46/00_VV.dump /scratch/tmp/b663fb84-ce0f-4725-8974-1ed5db6a4d72/s10r1b81-ib0/sandBox/job_46/00_HH.dump /scratch/tmp/b663fb84-ce0f-4725-8974-1ed5db6a4d72/s10r1b81-ib0/sandBox/job_46/00_PRMSL.dump /scratch/tmp/b663fb84-ce0f-4725-8974-1ed5db6a4d72/s10r1b81-ib0/sandBox/job_46/00_SOILT1.dump /scratch/tmp/b663fb84-ce0f-4725-8974-1ed5db6a4d72/s10r1b81-ib0/sandBox/job_46/00_SOILT3.dump /scratch/tmp/b663fb84-ce0f-4725-8974-1ed5db6a4d72/s10r1b81-ib0/sandBox/job_46/00_SOILW1.dump /scratch/tmp/b663fb84-ce0f-4725-8974-1ed5db6a4d72/s10r1b81-ib0/sandBox/job_46/00_SOILW3.dump /scratch/tmp/b663fb84-ce0f-4725-8974-1ed5db6a4d72/s10r1b81-ib0/sandBox/job_46/00_SST_TS.dump /scratch/tmp/b663fb84-ce0f-4725-8974-1ed5db6a4d72/s10r1b81-ib0/sandBox/job_46/00_UU.dump /scratch/tmp/b663fb84-ce0f-4725-8974-1ed5db6a4d72/s10r1b81-ib0/sandBox/job_46/00_WEASD.dump /scratch/tmp/b663fb84-ce0f-4725-8974-1ed5db6a4d72/s10r1b81-ib0/sandBox/job_46/131140000.gfs
  * Parameter streams: UNSPECIFIED UNSPECIFIED UNSPECIFIED UNSPECIFIED UNSPECIFIED UNSPECIFIED UNSPECIFIED UNSPECIFIED UNSPECIFIED UNSPECIFIED UNSPECIFIED UNSPECIFIED UNSPECIFIED UNSPECIFIED UNSPECIFIED UNSPECIFIED UNSPECIFIED UNSPECIFIED UNSPECIFIED
  * Parameter prefixes: null null null null null null null null null null null null null null null null null null null

[BINARY INVOKER] Begin binary call to /gpfs/projects/bsc19/bsc19533/NMMB-BSC/nmmb-bsc-ctm-v2.0/PREPROC/VARIABLE/gfs2model_rrtm.x
[BINARY INVOKER] On WorkingDir : /scratch/tmp/b663fb84-ce0f-4725-8974-1ed5db6a4d72/s10r1b81-ib0/sandBox/job_46
[BINARY INVOKER] BINARY CMD: /gpfs/projects/bsc19/bsc19533/NMMB-BSC/nmmb-bsc-ctm-v2.0/PREPROC/VARIABLE/gfs2model_rrtm.x /scratch/tmp/b663fb84-ce0f-4725-8974-1ed5db6a4d72/s10r1b81-ib0/sandBox/job_46/00_CW.dump /scratch/tmp/b663fb84-ce0f-4725-8974-1ed5db6a4d72/s10r1b81-ib0/sandBox/job_46/00_ICEC.dump /scratch/tmp/b663fb84-ce0f-4725-8974-1ed5db6a4d72/s10r1b81-ib0/sandBox/job_46/00_SH.dump /scratch/tmp/b663fb84-ce0f-4725-8974-1ed5db6a4d72/s10r1b81-ib0/sandBox/job_46/00_SOILT2.dump /scratch/tmp/b663fb84-ce0f-4725-8974-1ed5db6a4d72/s10r1b81-ib0/sandBox/job_46/00_SOILT4.dump /scratch/tmp/b663fb84-ce0f-4725-8974-1ed5db6a4d72/s10r1b81-ib0/sandBox/job_46/00_SOILW2.dump /scratch/tmp/b663fb84-ce0f-4725-8974-1ed5db6a4d72/s10r1b81-ib0/sandBox/job_46/00_SOILW4.dump /scratch/tmp/b663fb84-ce0f-4725-8974-1ed5db6a4d72/s10r1b81-ib0/sandBox/job_46/00_TT.dump /scratch/tmp/b663fb84-ce0f-4725-8974-1ed5db6a4d72/s10r1b81-ib0/sandBox/job_46/00_VV.dump /scratch/tmp/b663fb84-ce0f-4725-8974-1ed5db6a4d72/s10r1b81-ib0/sandBox/job_46/00_HH.dump /scratch/tmp/b663fb84-ce0f-4725-8974-1ed5db6a4d72/s10r1b81-ib0/sandBox/job_46/00_PRMSL.dump /scratch/tmp/b663fb84-ce0f-4725-8974-1ed5db6a4d72/s10r1b81-ib0/sandBox/job_46/00_SOILT1.dump /scratch/tmp/b663fb84-ce0f-4725-8974-1ed5db6a4d72/s10r1b81-ib0/sandBox/job_46/00_SOILT3.dump /scratch/tmp/b663fb84-ce0f-4725-8974-1ed5db6a4d72/s10r1b81-ib0/sandBox/job_46/00_SOILW1.dump /scratch/tmp/b663fb84-ce0f-4725-8974-1ed5db6a4d72/s10r1b81-ib0/sandBox/job_46/00_SOILW3.dump /scratch/tmp/b663fb84-ce0f-4725-8974-1ed5db6a4d72/s10r1b81-ib0/sandBox/job_46/00_SST_TS.dump /scratch/tmp/b663fb84-ce0f-4725-8974-1ed5db6a4d72/s10r1b81-ib0/sandBox/job_46/00_UU.dump /scratch/tmp/b663fb84-ce0f-4725-8974-1ed5db6a4d72/s10r1b81-ib0/sandBox/job_46/00_WEASD.dump /scratch/tmp/b663fb84-ce0f-4725-8974-1ed5db6a4d72/s10r1b81-ib0/sandBox/job_46/131140000.gfs 
[BINARY INVOKER] Binary STDIN: null
[BINARY INVOKER] Binary STDOUT: null
[BINARY INVOKER] Binary STDERR: null
[BINARY EXECUTION WRAPPER] ------------------------------------
[BINARY EXECUTION WRAPPER] Executing binary command
[BINARY EXECUTION WRAPPER] ------------------------------------
[BINARY EXECUTION WRAPPER] CMD EXIT VALUE: 0
[BINARY EXECUTION WRAPPER] ------------------------------------
[BINARY EXECUTION WRAPPER] CMD OUTPUT:
 Initialize tables
 call degrib2model          360         181          26          12          21
 call read_degrib          360         181          26          12          21
 in read_degrib          360         181          26          12          21
 READ surface 
 READ upper fields 
 ------------- TEMP -----------------
 245.4245.4245.4245.4245.4245.4245.4245.4245.4245.4245.4245.4245.4245.4245.4245.4245.4245.4
 244.3243.0237.8242.8239.9237.3238.7241.4254.3254.6256.4257.1260.0260.0258.6249.6245.3246.6
 255.2251.5255.4243.6257.8253.7253.1246.8265.7248.6257.8261.8267.0273.3267.4270.6253.1243.6
 273.6260.4269.7266.5258.5264.7274.3272.9271.0270.5272.7265.8274.2277.3278.3273.2252.8257.8
 278.2275.3274.3273.9275.5276.9278.4278.9282.1279.2281.5281.9280.8280.1280.8276.8273.5273.5
 285.0287.9282.9286.3282.7284.2281.6284.0285.6283.4283.0284.0283.4282.4286.5285.1279.1281.3
 287.8292.5291.6290.2286.7288.2286.1294.1290.3290.2286.5287.7289.4288.7288.8291.9289.4288.6
 290.5294.0294.0294.8292.9295.4297.0298.6292.5295.8293.2295.3294.0292.3289.7304.1295.1292.9
 292.2304.7294.8297.2297.5298.9297.4296.9300.7299.7299.7298.8296.7294.8290.8301.3297.9296.2
 295.6298.3297.4299.3300.2298.0299.4300.4301.2300.7299.8298.3296.8294.7296.2298.8298.6296.5
 298.0299.8303.3299.3301.1298.8300.4300.5301.1300.9300.4300.5299.9299.9301.1300.2298.9298.9
 312.1305.5303.2298.1299.7299.3301.2301.9300.9299.7298.8296.3297.0304.9301.2299.4298.4296.8
 308.5300.7308.4305.3302.4305.4299.7300.4299.8297.5297.7295.4294.8308.2300.2298.6297.7295.9
 297.9297.3298.3295.4301.5297.5295.7293.8296.1289.9293.2293.4308.5302.6296.8295.4291.9294.1
 289.7290.2289.2291.5295.7293.6287.6297.9284.5284.2285.8287.7295.1295.3289.3289.7287.7287.5
 286.2286.1281.3276.1284.1283.9279.6292.5285.6285.5284.0286.6292.7283.4280.9279.3282.9286.8
 284.9285.2280.0278.8273.1278.1277.7278.3279.0274.8277.2278.1279.7278.4283.6277.7282.8281.6
 271.1272.1270.2272.4272.7271.7274.5274.3272.5270.8271.8272.0274.2275.6277.1275.0270.9272.2
 268.8268.8268.8268.8268.8268.8268.8268.8268.8268.8268.8268.8268.8268.8268.8268.8268.8268.8
 -------------- UW ------------------
  -5.9 -5.2 -3.9 -2.1 -0.1  2.0  3.8  5.1  5.8  5.9  5.2  3.9  2.1  0.1 -2.0 -3.8 -5.1 -5.8
  -3.4 -4.6 -3.0 -5.6 -3.8  5.0  6.5  8.3 13.9  1.9 -2.8 -5.4 -3.6 -0.5  2.3 -1.9  1.0 -9.7
   2.1 -8.5 -5.4 -4.1-12.1 -9.5-11.4  0.6  3.5  3.1  8.8 -2.8 -5.8 -8.1 -0.5  2.7  5.6  3.8
   0.1 11.1 16.9 10.3 -3.5  3.6  3.8 -9.3  0.9  6.8  5.9  8.6  8.7  4.4 -0.1  8.5  3.0 -3.3
   4.9 -1.1 16.6 10.6 12.5  8.5 10.2 13.2  3.8 13.0 15.0 19.5 10.6 -1.7 -7.2-12.3  5.7 15.7
   7.1 -6.8 -3.2  3.3  8.2 12.2  8.8  9.8 -4.4-11.2  6.7 13.1 12.5  0.5 -0.0 -2.3 -2.5  9.9
  -2.4 -3.3  3.8 -5.0  0.9 -9.7 -8.1  5.7  5.5  5.4 -1.9 -1.4  0.4  5.8 14.7 -4.6 -5.1  7.6
  -3.3 -4.8  2.8 -7.0 -9.9 -2.5 -0.8 -3.1 -2.6 -3.9 -6.6 -2.3 -4.8 -2.0  0.3  1.2 -2.9  2.5
  -2.2 -0.2  0.2 -8.8 -3.8 -7.6 -3.9 -8.0 -7.0 -3.6 -4.4 -5.1-10.3 -7.2 -3.5  0.9 -4.7 -5.7
   3.3 -1.2 -1.2 -0.1  3.7 -2.1 -2.2  1.3 -3.4 -6.4 -8.6 -5.9 -5.9 -3.6  3.0 -0.8 -9.9 -2.2
   0.9  2.7  2.7  9.7  7.7  7.3  0.2  4.5 -1.3 -7.5 -3.4 -4.6  5.1  5.0 -2.5 -6.6 -0.7  1.3
  -1.3 -2.7 -1.5  5.6  2.5  0.2 -3.1 -8.4 -4.1 -4.8 -5.0 -6.4 -0.3 -1.6 -4.7 -8.7 -6.7 -4.3
  -6.1 -1.5 -2.7 -3.1 -0.9  1.6  1.1  0.3 -7.1 -1.1 -1.2 11.1  2.3 -3.0 -1.7 -5.2 -0.8 -1.5
   1.8 -1.8 -1.2 -2.6 -1.5 -3.3  0.6 -4.1  7.3 -5.0  0.1 -4.3  5.8 -1.9 -0.2  5.7 -1.4 -2.6
   5.7  0.4 -2.4  4.1  1.0  2.5  1.4  1.3  2.5 -1.5  3.0 13.4  4.1  3.3 -2.8  5.7 13.1  5.5
  -1.0 -6.3 -2.0  2.9  3.3  0.4  1.2  0.5  7.8 13.8  6.2 -0.6  2.5 -7.8  4.8 14.9 -6.1 19.1
  -0.8  1.5  6.1  2.3 -1.0 -4.9 -4.4 10.0  7.0  5.5  4.5  4.2  2.4 -1.1  1.9  3.1 -9.1-14.0
   1.7  4.7  4.5  3.4  2.2  2.0 -1.3 -1.1 -0.5  0.9 -1.7  4.6 -1.6  1.2 -3.2 -3.3  3.4  1.5
   0.8 -1.2 -3.0 -4.5 -5.4 -5.6 -5.2 -4.2 -2.6 -0.8  1.2  3.0  4.5  5.4  5.6  5.2  4.2  2.6
 -------------- VW ------------------
  -1.0 -2.9 -4.5 -5.6 -5.9 -5.6 -4.6 -3.0 -1.1  1.0  2.9  4.5  5.6  5.9  5.6  4.6  3.0  1.1
  -6.5 -8.1 -6.7 -2.6 -4.6 -3.7  3.6  7.6  1.5  7.6  4.9 -1.2-12.1 -5.4  0.4  4.6  2.1  0.0
   4.6  3.7 -0.6 10.3 -1.1  7.1  6.0 10.8  4.6  2.7  7.8 -9.7 -0.1 -6.6 -8.2  5.1  4.1 -1.3
  -9.0  2.1 -1.7  1.1 -4.6  4.0 -7.5 -3.3  0.1  9.6  4.0 14.2  7.6-14.9 -1.6-11.1  3.6  8.7
  -9.6 -7.8 -1.2  6.8 -4.2 -1.2  1.6 -0.9-11.8 -0.8 -4.8 10.6 -7.4-12.6 -4.8 -8.2 15.9  1.9
 -14.0-11.4 12.5 -8.9  8.9-11.6 -3.8  5.4 -5.6 -4.4  5.8  1.4  4.8 -7.3 -7.4  1.8  5.3  1.9
  -0.1 -5.4 15.3 -8.2  6.7  4.4  2.3 -7.1  2.4 -0.6  2.7  3.1  6.8 -3.2 -2.6  2.9 -7.8 -2.6
   5.0  0.8 11.7 -1.6  9.8 -5.6  4.0  0.1  1.1 -1.9  5.7  4.3 -2.6  5.6  3.8 -3.9-11.8 -1.1
   3.0 -0.6 11.4  3.9  7.9 -1.3 -0.1  4.7  1.9  2.1  0.3  1.6  4.3  6.2  7.5 -2.1  3.2  3.9
   6.6 -1.2  7.0  4.6  2.9 -0.9  1.1 -0.4 -0.9  2.3  4.2  3.5  7.0  6.2 -0.1  1.1  2.2  2.2
   2.2  1.2  2.1  8.7  6.7  3.3  0.6  6.8  1.4 -2.6  3.5 -5.1  1.9  6.6 -5.0 -1.1  0.7 -2.8
   5.9 -6.1  2.0  5.2  2.6 -0.2  0.2 -2.5  2.9  0.1  2.7 -4.3 -5.8 -3.3  1.1 -1.9 -4.0 -8.0
  -0.5 -4.8  2.8 -0.8 -1.3  2.3 -0.1  5.9  0.5  0.6  1.5 -6.8-11.3  6.2  4.3  0.5 -0.5 -6.4
   0.5  2.3 -3.5 -6.4 -4.0 -1.4  0.6  2.3 11.3 -9.9  2.9 -5.7 -0.9 -7.2  2.9  5.3-12.0  2.1
  -3.1  0.7  3.2 -2.2 -2.4  0.5 -1.5 -0.8  7.6 -0.8 -0.7 -1.4  2.9 -3.2  0.7  0.3 10.8 -0.5
  15.9  2.9  0.1 -2.5  3.8  4.6  2.1  1.0 12.9  6.2 -1.9 -0.1 -1.2  1.9 -3.9 -6.7 -3.3  8.6
   8.6  0.7 -5.3  1.6 -6.0  1.6  3.6  0.5 -1.0 -3.0  5.9 -2.7 -1.9  1.3 -3.2 -8.7  1.9 -3.1
  -5.1 -3.6 -3.5  7.7  2.9  3.5  3.2 -4.3 -6.1 -4.7 -1.6  2.8  5.9 -3.4 -2.6  4.0  7.1  1.0
  -5.6 -5.5 -4.8 -3.4 -1.7  0.2  2.2  3.8  5.0  5.6  5.5  4.8  3.4  1.7 -0.2 -2.2 -3.8 -5.0
 -------------- HT ------------------
 222.3222.3222.3222.3222.3222.3222.3222.3222.3222.3222.3222.3222.3222.3222.3222.3222.3222.3
 105.7220.8345.1313.0396.8451.9412.6288.7-29.7***************-58.9 37.9 16.5  9.4  1.1 16.6
 -37.5-38.6-47.5123.4-12.7138.2159.9214.0-63.4********************-93.0 58.6 57.9 22.3-27.7
 -81.8 55.7*************************-38.6 70.6********************-86.0 46.6149.0110.2-33.5
 -32.9135.3167.3 64.7 12.9-57.0  1.1 22.6 72.6114.2 48.9**********  2.8 54.3152.6110.7*****
 103.5227.8195.5165.3143.8 48.1175.0 74.7143.9154.0196.2124.0 81.4 76.1-48.8122.2147.5 65.7
 179.7193.4145.9190.9203.1133.5196.9118.3139.8130.3202.7177.4151.2148.4 72.8109.4134.0148.4
 156.5174.6166.4135.7135.2112.0135.4148.7159.5147.5154.2138.3160.2164.0138.5 66.2141.3169.8
 143.3103.5135.4 97.0 89.3 93.5113.8117.0100.4101.8103.1109.8112.5121.1109.6 97.5141.2145.0
 125.7105.6112.5 80.5 82.4 89.7101.7 86.1 89.1 86.1 81.7 95.8 89.1 99.7 88.3109.8127.3138.5
 102.0 86.1 88.1 58.2 45.0 83.4 93.4 77.4 93.1 89.0 87.4 88.0 74.9 88.9 79.3122.2135.7131.7
  68.6 80.2 25.0  7.6-27.5 70.3 93.2 85.8 86.0119.2122.5133.3 78.7117.9129.9158.2161.2123.8
 101.6102.9 36.0 48.7 85.6140.0 84.0120.4153.3142.4151.1119.8 86.5 89.9167.0190.3192.7162.1
 138.0 91.3107.8 89.1101.4143.1126.7131.3122.1150.5175.4191.4 79.7 40.3137.1202.8180.9172.2
 178.0 98.6162.8113.1 58.2153.2156.5118.3189.9200.7145.6131.2 96.5 18.7107.9 74.9137.3191.4
 109.7199.1199.7116.6-12.8 59.2161.1 90.4116.6 97.5117.5 29.1 19.1 -0.5 84.6-24.5-69.8-48.1
  80.7144.6139.7 31.9-30.5-25.8 74.7 85.9 67.3 -9.9-22.9 36.9 40.4 87.9 42.3-18.1  0.9 -4.8
 100.3 70.7 29.9 31.7 55.1 85.0 99.9 94.2 47.6 32.8 14.8 29.5 59.1 80.2 64.7 31.9134.2113.8
  86.3 86.3 86.3 86.3 86.3 86.3 86.3 86.3 86.3 86.3 86.3 86.3 86.3 86.3 86.3 86.3 86.3 86.3
 -------------- SH ------------------
  74.0 74.0 74.0 74.0 74.0 74.0 74.0 74.0 74.0 74.0 74.0 74.0 74.0 74.0 74.0 74.0 74.0 74.0
  81.0 96.0 96.0 96.0 99.0 96.0 83.0 67.0 48.0 89.0 76.0 65.0 87.0 98.0 53.0 61.0 62.0 69.0
  65.0 74.0 78.0 98.0 82.0 93.0 63.0 70.0 33.0 79.0 93.0 87.0 93.0 96.0 91.0 44.0 83.0100.0
  96.0 93.0 82.0 91.0 97.0 86.0 91.0 77.0 59.0 66.0 65.0 66.0 50.0 82.0 83.0 93.0 96.0 99.0
  96.0100.0 75.0 62.0 80.0 74.0 59.0 56.0 98.0 91.0 96.0 59.0 69.0 87.0 96.0 89.0 71.0 59.0
  98.0 81.0 88.0 88.0 69.0 87.0 65.0 73.0 94.0 76.0 71.0 71.0 57.0 73.0 92.0 75.0 59.0 57.0
  74.0 17.0 75.0 67.0 66.0 90.0 62.0 18.0 75.0 74.0 68.0 67.0 67.0 67.0 75.0 51.0 69.0 69.0
  72.0 29.0 60.0 72.0 68.0 77.0 15.0 18.0 66.0 70.0 68.0 75.0 66.0 82.0 74.0 38.0 86.0 73.0
  78.0 34.0 70.0 77.0 77.0 72.0 70.0 79.0 71.0 79.0 71.0 74.0 71.0 73.0 87.0 59.0 63.0 71.0
  86.0 88.0 74.0 78.0 73.0 86.0 76.0 73.0 70.0 71.0 74.0 75.0 81.0 83.0 86.0 78.0 74.0 86.0
  92.0 75.0 55.0 84.0 73.0 72.0 68.0 79.0 71.0 72.0 75.0 74.0 75.0 73.0 80.0 78.0 75.0 83.0
  25.0 18.0 77.0 92.0 93.0 75.0 75.0 75.0 73.0 75.0 72.0 82.0 82.0 83.0 70.0 77.0 73.0 79.0
  16.0 50.0 15.0 12.0 67.0 86.0 88.0 77.0 72.0 77.0 70.0 85.0 77.0 46.0 74.0 77.0 75.0 93.0
  72.0 61.0 86.0 52.0 43.0 49.0 68.0 68.0 96.0 81.0 91.0 87.0 16.0 53.0 93.0 74.0 82.0 94.0
  79.0 73.0 46.0 41.0 22.0 28.0 50.0 40.0 92.0 94.0 90.0 91.0 46.0 63.0 71.0 99.0 72.0 69.0
  90.0 74.0 84.0 91.0 85.0 84.0 81.0 66.0 98.0 90.0 66.0 56.0 46.0 92.0 82.0 86.0 92.0 73.0
  98.0 66.0 77.0 90.0 97.0 94.0 67.0 68.0 68.0 90.0 99.0 84.0 83.0 77.0 44.0 87.0 91.0 99.0
  93.0100.0 96.0 90.0 93.0 76.0 94.0 91.0 97.0 88.0 91.0 91.0 77.0 70.0 56.0 55.0 66.0 87.0
  91.0 91.0 91.0 91.0 91.0 91.0 91.0 91.0 91.0 91.0 91.0 91.0 91.0 91.0 91.0 91.0 91.0 91.0
 ------------- CLDW -----------------
   0.0  0.0  0.0  0.0  0.0  0.0  0.0  0.0  0.0  0.0  0.0  0.0  0.0  0.0  0.0  0.0  0.0  0.0
   0.0  0.0  0.0  0.0  0.0  0.0  0.0  0.0  0.0  0.0  0.0  0.0  0.0  0.0  0.0  0.0  0.0  0.0
   0.0  0.0  0.0  0.0  0.0  0.0  0.0  0.0  0.0  0.0  0.0  0.0  0.0  0.0  0.0  0.0  0.0  0.0
   0.0  0.0  0.0  0.0  0.0  0.0  0.0  0.0  0.0  0.0  0.0  0.0  0.0  0.0  0.0  0.0  0.0  0.0
   0.0  0.0  0.0  0.0  0.0  0.0  0.0  0.0  0.0  0.0  0.0  0.0  0.0  0.0  0.0  0.0  0.0  0.0
   0.0  0.0  0.0  0.0  0.0  0.0  0.0  0.0  0.0  0.0  0.0  0.0  0.0  0.0  0.0  0.0  0.0  0.0
   0.0  0.0  0.0  0.0  0.0  0.0  0.0  0.0  0.0  0.0  0.0  0.0  0.0  0.0  0.0  0.0  0.0  0.0
   0.0  0.0  0.0  0.0  0.0  0.0  0.0  0.0  0.0  0.0  0.0  0.0  0.0  0.0  0.0  0.0  0.0  0.0
   0.0  0.0  0.0  0.0  0.0  0.0  0.0  0.0  0.0  0.0  0.0  0.0  0.0  0.0  0.0  0.0  0.0  0.0
   0.0  0.0  0.0  0.0  0.0  0.0  0.0  0.0  0.0  0.0  0.0  0.0  0.0  0.0  0.0  0.0  0.0  0.0
   0.0  0.0  0.0  0.0  0.0  0.0  0.0  0.0  0.0  0.0  0.0  0.0  0.0  0.0  0.0  0.0  0.0  0.0
   0.0  0.0  0.0  0.0  0.0  0.0  0.0  0.0  0.0  0.0  0.0  0.0  0.0  0.0  0.0  0.0  0.0  0.0
   0.0  0.0  0.0  0.0  0.0  0.0  0.0  0.0  0.0  0.0  0.0  0.0  0.0  0.0  0.0  0.0  0.0  0.0
   0.0  0.0  0.0  0.0  0.0  0.0  0.0  0.0  0.0  0.0  0.0  0.0  0.0  0.0  0.0  0.0  0.0  0.0
   0.0  0.0  0.0  0.0  0.0  0.0  0.0  0.0  0.0  0.0  0.0  0.0  0.0  0.0  0.0  0.0  0.0  0.0
   0.0  0.0  0.0  0.0  0.0  0.0  0.0  0.0  0.0  0.0  0.0  0.0  0.0  0.0  0.0  0.0  0.0  0.0
   0.0  0.0  0.0  0.0  0.0  0.0  0.0  0.0  0.0  0.0  0.0  0.0  0.0  0.0  0.0  0.0  0.0  0.0
   0.0  0.0  0.0  0.0  0.0  0.0  0.0  0.0  0.0  0.0  0.0  0.0  0.0  0.0  0.0  0.0  0.0  0.0
   0.0  0.0  0.0  0.0  0.0  0.0  0.0  0.0  0.0  0.0  0.0  0.0  0.0  0.0  0.0  0.0  0.0  0.0
 ------------------------------------
 end READ 
   85.6770020       30929.7305     F
 pressure value of    1000.00000    
 pressure value of    975.000000    
 pressure value of    950.000000    
 pressure value of    925.000000    
 pressure value of    900.000000    
 pressure value of    850.000000    
 pressure value of    800.000000    
 pressure value of    750.000000    
 pressure value of    700.000000    
 pressure value of    650.000000    
 pressure value of    600.000000    
 pressure value of    550.000000    
 pressure value of    500.000000    
 pressure value of    450.000000    
 pressure value of    400.000000    
 pressure value of    350.000000    
 pressure value of    300.000000    
 pressure value of    250.000000    
 pressure value of    200.000000    
 pressure value of    150.000000    
 pressure value of    100.000000    
 pressure value of    70.0000000    
 pressure value of    50.0000000    
 pressure value of    30.0000000    
 pressure value of    20.0000000    
 pressure value of    10.0000000    
 flipping arrays 
 WRITE new file         o.gfs
[BINARY EXECUTION WRAPPER] ------------------------------------
[JAVA EXECUTOR] executeTask - End task execution
