[JAVA EXECUTOR] executeTask - Begin task execution
WORKER - Parameters of execution:
  * Method type: BINARY
  * Method definition: [BINARY=/gpfs/projects/bsc19/bsc19533/NMMB-BSC/nmmb-bsc-ctm-v2.0/PREPROC/VARIABLE/z0vegustar.x]
  * Parameter types: java.lang.String java.lang.String java.lang.String java.lang.String java.lang.String java.lang.String java.lang.String java.lang.String java.lang.String
  * Parameter values: /scratch/tmp/b663fb84-ce0f-4725-8974-1ed5db6a4d72/s10r1b81-ib0/sandBox/job_52/seamask /scratch/tmp/b663fb84-ce0f-4725-8974-1ed5db6a4d72/s10r1b81-ib0/sandBox/job_52/landuse /scratch/tmp/b663fb84-ce0f-4725-8974-1ed5db6a4d72/s10r1b81-ib0/sandBox/job_52/topsoiltype /scratch/tmp/b663fb84-ce0f-4725-8974-1ed5db6a4d72/s10r1b81-ib0/sandBox/job_52/height /scratch/tmp/b663fb84-ce0f-4725-8974-1ed5db6a4d72/s10r1b81-ib0/sandBox/job_52/stdh /scratch/tmp/b663fb84-ce0f-4725-8974-1ed5db6a4d72/s10r1b81-ib0/sandBox/job_52/vegfrac /scratch/tmp/b663fb84-ce0f-4725-8974-1ed5db6a4d72/s10r1b81-ib0/sandBox/job_52/z0base /scratch/tmp/b663fb84-ce0f-4725-8974-1ed5db6a4d72/s10r1b81-ib0/sandBox/job_52/z0 /scratch/tmp/b663fb84-ce0f-4725-8974-1ed5db6a4d72/s10r1b81-ib0/sandBox/job_52/ustar
  * Parameter streams: UNSPECIFIED UNSPECIFIED UNSPECIFIED UNSPECIFIED UNSPECIFIED UNSPECIFIED UNSPECIFIED UNSPECIFIED UNSPECIFIED
  * Parameter prefixes: null null null null null null null null null

[BINARY INVOKER] Begin binary call to /gpfs/projects/bsc19/bsc19533/NMMB-BSC/nmmb-bsc-ctm-v2.0/PREPROC/VARIABLE/z0vegustar.x
[BINARY INVOKER] On WorkingDir : /scratch/tmp/b663fb84-ce0f-4725-8974-1ed5db6a4d72/s10r1b81-ib0/sandBox/job_52
[BINARY INVOKER] BINARY CMD: /gpfs/projects/bsc19/bsc19533/NMMB-BSC/nmmb-bsc-ctm-v2.0/PREPROC/VARIABLE/z0vegustar.x /scratch/tmp/b663fb84-ce0f-4725-8974-1ed5db6a4d72/s10r1b81-ib0/sandBox/job_52/seamask /scratch/tmp/b663fb84-ce0f-4725-8974-1ed5db6a4d72/s10r1b81-ib0/sandBox/job_52/landuse /scratch/tmp/b663fb84-ce0f-4725-8974-1ed5db6a4d72/s10r1b81-ib0/sandBox/job_52/topsoiltype /scratch/tmp/b663fb84-ce0f-4725-8974-1ed5db6a4d72/s10r1b81-ib0/sandBox/job_52/height /scratch/tmp/b663fb84-ce0f-4725-8974-1ed5db6a4d72/s10r1b81-ib0/sandBox/job_52/stdh /scratch/tmp/b663fb84-ce0f-4725-8974-1ed5db6a4d72/s10r1b81-ib0/sandBox/job_52/vegfrac /scratch/tmp/b663fb84-ce0f-4725-8974-1ed5db6a4d72/s10r1b81-ib0/sandBox/job_52/z0base /scratch/tmp/b663fb84-ce0f-4725-8974-1ed5db6a4d72/s10r1b81-ib0/sandBox/job_52/z0 /scratch/tmp/b663fb84-ce0f-4725-8974-1ed5db6a4d72/s10r1b81-ib0/sandBox/job_52/ustar 
[BINARY INVOKER] Binary STDIN: null
[BINARY INVOKER] Binary STDOUT: null
[BINARY INVOKER] Binary STDERR: null
[BINARY EXECUTION WRAPPER] ------------------------------------
[BINARY EXECUTION WRAPPER] Executing binary command
[BINARY EXECUTION WRAPPER] ------------------------------------
[BINARY EXECUTION WRAPPER] CMD EXIT VALUE: 0
[BINARY EXECUTION WRAPPER] ------------------------------------
[BINARY EXECUTION WRAPPER] CMD OUTPUT:
 z0base
   0.   0.   0.   0.   0.   0.   0.
   0.   0.   0.   0.   0.   0.   0.
   0.   0.   0.   0.   0.   0.   0.
   0.   0.   0.   0.   0.   0.   0.
   0.   0.   0.   0.   0.   0.   0.
   0.   1.   0.   0.   0.   0.   0.
   0.   0.   0.   0.   0.   0.   0.
   0.   0.   0.   0.   0.   1.   0.
   0.   0.   0.   0.   0.   0.   0.
   0.   0.   2.   0.   0.   2.   0.
   0.   0.   2.   0.   0.   0.   0.
   0.   0.   0.   0.   1.   0.   0.
   0.   0.   0.   0.   0.   0.   0.
   0.   0.   0.   0.   0.   0.   0.
   0.   0.   0.   0.   0.   0.   0.
   0.   0.   0.   0.   0.   0.   0.
   0.   0.   0.   0.   0.   0.   0.
   0.   0.   0.   0.   0.   0.   0.
   0.   0.   0.   0.   0.   0.   0.
 z0base written to ../output/z0base
 z0
   0.   0.   0.   0.   0.   0.   0.
   0.   0.   0.   0.   0.   0.   0.
   0.   0.   0.   0.   0.   0.   0.
   0.   0.   0.   0.   0.   0.   0.
   0.   0.   0.   0.   0.   0.   0.
   0.   1.   0.   0.   0.   0.   0.
   0.   0.   0.   0.   0.   0.   0.
   0.   0.   0.   0.   0.   1.   0.
   0.   0.   0.   0.   0.   0.   0.
   0.   0.   2.   0.   0.   2.   0.
   0.   0.   2.   0.   0.   0.   0.
   0.   0.   0.   0.   1.   0.   0.
   0.   0.   0.   0.   0.   0.   0.
   0.   0.   0.   0.   0.   0.   0.
   0.   0.   0.   0.   0.   0.   0.
   0.   0.   0.   0.   0.   0.   0.
   0.   0.   0.   0.   0.   0.   0.
   0.   0.   0.   0.   0.   0.   0.
   0.   0.   0.   0.   0.   0.   0.
 z0 written to ../output/z0
 ustar
.1000.1000.1000.1000.1000.1000.1000
.1000.1000.1000.1000.1000.1000.1000
.1000.1000.1000.1000.1000.1000.1000
.1000.1000.1000.1000.1000.1000.1000
.1000.1000.1000.1000.1000.1000.1000
.1000.1000.1000.1000.1000.1000.1000
.1000.1000.1000.1000.1000.1000.1000
.1000.1000.1000.1000.1000.1000.1000
.1000.1000.1000.1000.1000.1000.1000
.1000.1000.1000.1000.1000.1000.1000
.1000.1000.1000.1000.1000.1000.1000
.1000.1000.1000.1000.1000.1000.1000
.1000.1000.1000.1000.1000.1000.1000
.1000.1000.1000.1000.1000.1000.1000
.1000.1000.1000.1000.1000.1000.1000
.1000.1000.1000.1000.1000.1000.1000
.1000.1000.1000.1000.1000.1000.1000
.1000.1000.1000.1000.1000.1000.1000
.1000.1000.1000.1000.1000.1000.1000
 ustar written to ../output/ustar
 Enjoy your z0 and ustar!
[BINARY EXECUTION WRAPPER] ------------------------------------
[JAVA EXECUTOR] executeTask - End task execution
