[JAVA EXECUTOR] executeTask - Begin task execution
WORKER - Parameters of execution:
  * Method type: BINARY
  * Method definition: [BINARY=/gpfs/projects/bsc19/bsc19533/NMMB-BSC/nmmb-bsc-ctm-v2.0/PREPROC/VARIABLE/albedorrtm1deg.x]
  * Parameter types: java.lang.String java.lang.String java.lang.String java.lang.String
  * Parameter values: /scratch/tmp/b663fb84-ce0f-4725-8974-1ed5db6a4d72/s10r1b81-ib0/sandBox/job_50/llspl.000 /scratch/tmp/b663fb84-ce0f-4725-8974-1ed5db6a4d72/s10r1b81-ib0/sandBox/job_50/seamask /scratch/tmp/b663fb84-ce0f-4725-8974-1ed5db6a4d72/s10r1b81-ib0/sandBox/job_50/albedorrtm /gpfs/projects/bsc19/bsc19533/NMMB-BSC/nmmb-bsc-ctm-v2.0/PREPROC/FIXED/../geodata/albedo_rrtm1deg/
  * Parameter streams: UNSPECIFIED UNSPECIFIED UNSPECIFIED UNSPECIFIED
  * Parameter prefixes: null null null null

[BINARY INVOKER] Begin binary call to /gpfs/projects/bsc19/bsc19533/NMMB-BSC/nmmb-bsc-ctm-v2.0/PREPROC/VARIABLE/albedorrtm1deg.x
[BINARY INVOKER] On WorkingDir : /scratch/tmp/b663fb84-ce0f-4725-8974-1ed5db6a4d72/s10r1b81-ib0/sandBox/job_50
[BINARY INVOKER] BINARY CMD: /gpfs/projects/bsc19/bsc19533/NMMB-BSC/nmmb-bsc-ctm-v2.0/PREPROC/VARIABLE/albedorrtm1deg.x /scratch/tmp/b663fb84-ce0f-4725-8974-1ed5db6a4d72/s10r1b81-ib0/sandBox/job_50/llspl.000 /scratch/tmp/b663fb84-ce0f-4725-8974-1ed5db6a4d72/s10r1b81-ib0/sandBox/job_50/seamask /scratch/tmp/b663fb84-ce0f-4725-8974-1ed5db6a4d72/s10r1b81-ib0/sandBox/job_50/albedorrtm /gpfs/projects/bsc19/bsc19533/NMMB-BSC/nmmb-bsc-ctm-v2.0/PREPROC/FIXED/../geodata/albedo_rrtm1deg/ 
[BINARY INVOKER] Binary STDIN: null
[BINARY INVOKER] Binary STDOUT: null
[BINARY INVOKER] Binary STDERR: null
[BINARY EXECUTION WRAPPER] ------------------------------------
[BINARY EXECUTION WRAPPER] Executing binary command
[BINARY EXECUTION WRAPPER] ------------------------------------
[BINARY EXECUTION WRAPPER] CMD EXIT VALUE: 0
[BINARY EXECUTION WRAPPER] ------------------------------------
[BINARY EXECUTION WRAPPER] CMD OUTPUT:
 Cycle data read from 
 /scratch/tmp/b663fb84-ce0f-4725-8974-1ed5db6a4d72/s10r1b81-ib0/sandBox/job_50/l
 lspl.000                                                                       
                                                                                
                    
 Cycle           24           4        2013           0  UTC
 wei1s=  0.9016393      sea1=           2
 wei2s=  9.8360658E-02  sea2=           3
 sfx=02
 infile=
 /gpfs/projects/bsc19/bsc19533/NMMB-BSC/nmmb-bsc-ctm-v2.0/PREPROC/FIXED/../geoda
 ta/albedo_rrtm1deg/alvsf02                                                     
                                                                                
                    
  0.0  0.0  0.0  0.0  0.0  0.0  0.0  0.0  0.0  0.0  0.0  0.0  0.0  0.0  0.0  0.0  0.0  0.0
  0.0  0.0  0.0  0.0  0.0  0.0  0.0  0.0  0.0  0.0  0.0  0.0  0.0  0.0  0.0  0.0  0.0  0.0
  0.0 12.0 12.0 12.0  0.0  0.0  0.0  0.0  0.0  0.0 12.0  0.0 12.0 12.0 12.0  0.0 12.0 12.0
  0.0 14.0  0.0 12.0  0.0  0.0  0.0  0.0  0.0  0.0  0.0  0.0  0.0 13.0  0.0  0.0  0.0 13.0
  0.0  0.0  0.0  0.0 11.0  0.0  0.0  0.0  0.0 11.0 11.0 16.0 16.0 16.0 16.0  0.0  0.0  0.0
  0.0  0.0  0.0 16.0 11.0  0.0  0.0  0.0  0.0 11.0 11.0  0.0 16.0 25.0 16.0  0.0  0.0  0.0
  0.0  0.0  0.0  0.0  0.0  0.0  0.0  0.0  0.0 36.0 13.0 30.5 16.0  0.0 20.5  0.0  0.0  0.0
  0.0  0.0  0.0  0.0 11.0  0.0  0.0  0.0  0.0 25.0 36.0  0.0  0.0  0.0  0.0  0.0  0.0  0.0
  0.0  0.0  0.0  0.0  0.0  0.0  0.0  0.0  0.0 13.0  0.0 14.5  0.0  0.0  0.0  0.0  0.0  0.0
  0.0  0.0  0.0  0.0  0.0  0.0  0.0  0.0  0.0  0.0  0.0 14.0  0.0  0.0  9.0  0.0  0.0  0.0
  0.0  0.0  0.0  0.0  0.0  0.0  0.0  0.0  0.0  0.0  0.0  0.0  0.0  0.0  0.0  0.0  0.0  0.0
  0.0  0.0  0.0  0.0  0.0  0.0  0.0  0.0  0.0  0.0 14.0  0.0  0.0  0.0  0.0 11.0 11.0  0.0
  0.0  0.0  0.0  0.0  0.0  0.0  0.0  0.0  0.0  0.0 14.0  0.0  0.0  0.0  0.0 11.0 14.0  0.0
  0.0  0.0  0.0  0.0  0.0  0.0  0.0  0.0  0.0  0.0  0.0  0.0  0.0  0.0  0.0  0.0  0.0  0.0
  0.0  0.0  0.0  0.0  0.0  0.0  0.0  0.0  0.0  0.0  0.0  0.0  0.0  0.0  0.0  0.0  0.0  0.0
  0.0  0.0  0.0  0.0  0.0  0.0  0.0  0.0  0.0  0.0  0.0  0.0  0.0  0.0  0.0  0.0  0.0  0.0
  0.0  0.0  0.0  0.0  0.0  0.0  0.0  0.0  0.0  0.0  0.0  0.0  0.0  0.0  0.0  0.0  0.0  0.0
  0.0  0.0  0.0  0.0  0.0  0.0  0.0  0.0  0.0  0.0  0.0  0.0  0.0  0.0  0.0  0.0  0.0  0.0
 ----------------------------------------------------
  0.0  0.0  0.0  0.0  0.0  0.0  0.0  0.0  0.0  0.0  0.0  0.0  0.0  0.0  0.0  0.0  0.0  0.0
  0.0  0.0  0.0  0.0  0.0100.0100.0100.0100.0  0.0  0.0  0.0  0.0  0.0 50.0  0.0  0.0  0.0
  0.0  0.0  0.0  0.0  0.0  0.0  0.0100.0  0.0  0.0  0.0  0.0  0.0  0.0 50.0100.0 50.0  0.0
  0.0  0.0  0.0 50.0100.0  0.0  0.0  0.0  0.0  0.0  0.0100.0100.0 50.0100.0100.0100.0  0.0
  0.0  0.0  0.0100.0  0.0100.0  0.0  0.0  0.0  0.0 50.0  0.0  0.0  0.0  0.0100.0100.0  0.0
  0.0  0.0  0.0 50.0  0.0100.0  0.0  0.0  0.0  0.0  0.0100.0  0.0  0.0  0.0  0.0 50.0  0.0
  0.0  0.0  0.0  0.0100.0  0.0  0.0  0.0  0.0  0.0  0.0  0.0 50.0100.0  0.0100.0  0.0  0.0
  0.0  0.0  0.0  0.0 50.0  0.0  0.0  0.0  0.0  0.0  0.0  0.0  0.0100.0100.0  0.0  0.0  0.0
  0.0  0.0  0.0  0.0  0.0 50.0  0.0  0.0  0.0  0.0100.0  0.0  0.0 50.0  0.0  0.0  0.0  0.0
  0.0  0.0  0.0  0.0  0.0100.0100.0  0.0  0.0  0.0100.0  0.0  0.0  0.0  0.0  0.0  0.0  0.0
  0.0  0.0  0.0  0.0  0.0  0.0100.0100.0  0.0  0.0100.0 50.0  0.0  0.0  0.0  0.0  0.0  0.0
  0.0  0.0  0.0  0.0  0.0  0.0100.0 50.0  0.0  0.0  0.0  0.0  0.0  0.0  0.0  0.0  0.0  0.0
  0.0  0.0  0.0  0.0  0.0  0.0100.0  0.0  0.0  0.0  0.0  0.0  0.0  0.0  0.0  0.0  0.0  0.0
  0.0  0.0  0.0  0.0  0.0  0.0  0.0  0.0  0.0  0.0  0.0  0.0  0.0  0.0  0.0  0.0  0.0  0.0
  0.0  0.0  0.0  0.0  0.0  0.0  0.0  0.0  0.0  0.0  0.0  0.0  0.0  0.0  0.0  0.0  0.0  0.0
  0.0  0.0  0.0  0.0  0.0  0.0  0.0  0.0  0.0  0.0  0.0  0.0  0.0  0.0  0.0  0.0  0.0  0.0
  0.0  0.0  0.0  0.0  0.0  0.0 50.0  0.0  0.0100.0100.0100.0100.0100.0100.0100.0100.0100.0
100.0100.0100.0100.0100.0100.0100.0100.0100.0100.0100.0100.0100.0100.0100.0100.0100.0100.0
 *** model dimensions imi=         257  jmi=         181
 *** data dimensions imll=         360  jmll=         180
 ----------------------------------------------------------
  6.0  6.0  6.0  6.0  6.0  6.0  6.0  6.0  6.0
  6.0  6.0  6.0  0.0  6.0  6.0  6.0  6.0  6.0
  6.0  6.0  6.5  6.0  6.0  6.0 12.9  0.0 12.9
  6.0  0.0 12.9  6.0  6.0  0.0  6.4  0.0  6.0
  6.0  6.0 10.1  6.0  6.0  8.4 11.3 15.1  6.0
  6.0  6.0 10.1  6.0  6.0  5.0 14.6 11.6  6.0
  6.0  6.0  5.7  6.0  6.0 18.5 10.1  5.0  6.0
  6.0  6.0  6.0  6.0 28.2 36.0  0.0  6.0  6.0
  6.0  6.0  6.0  6.0  0.0 12.1  6.0  6.0  6.0
  6.0  6.0  6.0  0.0  6.0  8.6  6.0  0.0  6.0
  6.0  6.0  6.0  0.0  6.0  0.0  6.0  6.0  6.0
  6.0  6.0  6.0  0.0  6.0  7.7  6.0  6.0  6.0
  6.0  6.0  6.0  7.8  6.0  6.0  6.0  8.9  6.0
  6.0  6.0  6.0  6.0  6.0  6.0  6.0  6.0  6.0
  6.0  6.0  6.0  6.0  6.0  6.0  6.0  6.0  6.0
  6.0  6.0  6.0  6.0  6.0  6.0  6.0  6.0  6.0
  6.0  6.0  6.0  6.0  6.0  6.0  6.0  0.0  0.0
  6.0  0.0  0.0  6.0  0.0  0.0  0.0  0.0  0.0
  0.0  0.0  0.0  0.0  0.0  0.0  0.0  0.0  0.0
 ----------------------------------------------------------
  6.0  6.0  6.0  6.0  6.0  6.0  6.0  6.0  6.0
  6.0  6.0  6.0 90.0  6.0  6.0  6.0  6.0  6.0
  6.0  6.0  0.0  6.0  6.0  6.0  0.0  9.1  0.0
  6.0 76.1  0.0  6.0  6.0  9.0  9.0  7.2  6.0
  6.0  6.0  7.9  6.0  6.0  4.2  0.0  5.2  6.0
  6.0  6.0  0.0  6.0  6.0  4.3  0.0  0.0  6.0
  6.0  6.0  4.4  6.0  6.0  0.0  0.0  7.7  6.0
  6.0  6.0  6.0  6.0  0.0  0.0  4.4  6.0  6.0
  6.0  6.0  6.0  6.0  8.2  0.0  6.0  6.0  6.0
  6.0  6.0  6.0  7.0  6.0  4.3  6.0  7.0  6.0
  6.0  6.0  6.0  7.0  6.0  8.9  6.0  6.0  6.0
  6.0  6.0  6.0  8.9  6.0  6.4  6.0  6.0  6.0
  6.0  6.0  6.0  3.5  6.0  6.0  6.0  0.0  6.0
  6.0  6.0  6.0  6.0  6.0  6.0  6.0  6.0  6.0
  6.0  6.0  6.0  6.0  6.0  6.0  6.0  6.0  6.0
  6.0  6.0  6.0  6.0  6.0  6.0  6.0  6.0  6.0
  6.0  6.0  6.0  6.0  6.0  6.0  6.0 90.0 90.0
  6.0 90.0 90.0  6.0 90.0 90.0 90.0 90.0 90.0
 90.0 90.0 90.0 90.0 90.0 90.0 90.0 90.0 90.0
 ----------------------------------------------------------
  6.0  6.0  6.0  6.0  6.0  6.0  6.0  6.0  6.0
  6.0  6.0  6.0  0.0  6.0  6.0  6.0  6.0  6.0
  6.0  6.0 13.9  6.0  6.0  6.0 27.8  0.0 27.8
  6.0  0.0 27.8  6.0  6.0  0.0 13.9  0.0  6.0
  6.0  6.0 30.2  6.0  6.0 22.6 31.2 34.4  6.0
  6.0  6.0 30.2  6.0  6.0 15.1 33.3 31.4  6.0
  6.0  6.0 17.0  6.0  6.0 37.6 30.2 15.1  6.0
  6.0  6.0  6.0  6.0 44.8 51.0  0.0  6.0  6.0
  6.0  6.0  6.0  6.0  0.0 35.3  6.0  6.0  6.0
  6.0  6.0  6.0  0.0  6.0 25.1  6.0  0.0  6.0
  6.0  6.0  6.0  0.0  6.0  0.0  6.0  6.0  6.0
  6.0  6.0  6.0  0.0  6.0 23.3  6.0  6.0  6.0
  6.0  6.0  6.0 17.8  6.0  6.0  6.0 26.2  6.0
  6.0  6.0  6.0  6.0  6.0  6.0  6.0  6.0  6.0
  6.0  6.0  6.0  6.0  6.0  6.0  6.0  6.0  6.0
  6.0  6.0  6.0  6.0  6.0  6.0  6.0  6.0  6.0
  6.0  6.0  6.0  6.0  6.0  6.0  6.0  0.0  0.0
  6.0  0.0  0.0  6.0  0.0  0.0  0.0  0.0  0.0
  0.0  0.0  0.0  0.0  0.0  0.0  0.0  0.0  0.0
 ----------------------------------------------------------
  6.0  6.0  6.0  6.0  6.0  6.0  6.0  6.0  6.0
  6.0  6.0  6.0 65.0  6.0  6.0  6.0  6.0  6.0
  6.0  6.0  0.0  6.0  6.0  6.0  0.0 30.2  0.0
  6.0 59.0  0.0  6.0  6.0 26.0 26.0 33.0  6.0
  6.0  6.0 22.8  6.0  6.0 14.0  0.0 18.2  6.0
  6.0  6.0  0.0  6.0  6.0 15.4  0.0  0.0  6.0
  6.0  6.0 17.8  6.0  6.0  0.0  0.0 24.5  6.0
  6.0  6.0  6.0  6.0  0.0  0.0 20.7  6.0  6.0
  6.0  6.0  6.0  6.0 27.5  0.0  6.0  6.0  6.0
  6.0  6.0  6.0 24.0  6.0 14.2  6.0 24.0  6.0
  6.0  6.0  6.0 24.1  6.0 29.8  6.0  6.0  6.0
  6.0  6.0  6.0 29.8  6.0 21.4  6.0  6.0  6.0
  6.0  6.0  6.0 16.4  6.0  6.0  6.0  0.0  6.0
  6.0  6.0  6.0  6.0  6.0  6.0  6.0  6.0  6.0
  6.0  6.0  6.0  6.0  6.0  6.0  6.0  6.0  6.0
  6.0  6.0  6.0  6.0  6.0  6.0  6.0  6.0  6.0
  6.0  6.0  6.0  6.0  6.0  6.0  6.0 65.0 65.0
  6.0 65.0 65.0  6.0 65.0 65.0 65.0 65.0 65.0
 65.0 65.0 65.0 65.0 65.0 65.0 65.0 65.0 65.0
 ----------------------------------------------------------
  6.0  6.0  6.0  6.0  6.0  6.0  6.0  6.0  6.0
  6.0  6.0  6.0  0.0  6.0  6.0  6.0  6.0  6.0
  6.0  6.0 25.0  6.0  6.0  6.0 68.7  0.0100.0
  6.0  0.0100.0  6.0  6.0  0.0 25.0  0.0  6.0
  6.0  6.0 56.2  6.0  6.0 60.9100.0 70.3  6.0
  6.0  6.0100.0  6.0  6.0 50.0100.0100.0  6.0
  6.0  6.0 50.0  6.0  6.0100.0100.0 29.7  6.0
  6.0  6.0  6.0  6.0100.0100.0  0.0  6.0  6.0
  6.0  6.0  6.0  6.0  0.0100.0  6.0  6.0  6.0
  6.0  6.0  6.0  0.0  6.0 60.9  6.0  0.0  6.0
  6.0  6.0  6.0  0.0  6.0  0.0  6.0  6.0  6.0
  6.0  6.0  6.0  0.0  6.0 53.1  6.0  6.0  6.0
  6.0  6.0  6.0 51.6  6.0  6.0  6.0 40.6  6.0
  6.0  6.0  6.0  6.0  6.0  6.0  6.0  6.0  6.0
  6.0  6.0  6.0  6.0  6.0  6.0  6.0  6.0  6.0
  6.0  6.0  6.0  6.0  6.0  6.0  6.0  6.0  6.0
  6.0  6.0  6.0  6.0  6.0  6.0  6.0  0.0  0.0
  6.0  0.0  0.0  6.0  0.0  0.0  0.0  0.0  0.0
  0.0  0.0  0.0  0.0  0.0  0.0  0.0  0.0  0.0
 ----------------------------------------------------------
  6.0  6.0  6.0  6.0  6.0  6.0  6.0  6.0  6.0
  6.0  6.0  6.0100.0  6.0  6.0  6.0  6.0  6.0
  6.0  6.0  0.0  6.0  6.0  6.0  0.0100.0  0.0
  6.0 92.2  0.0  6.0  6.0100.0 75.0100.0  6.0
  6.0  6.0 43.8  6.0  6.0 39.1  0.0 29.7  6.0
  6.0  6.0  0.0  6.0  6.0 50.0  0.0  0.0  6.0
  6.0  6.0 50.0  6.0  6.0  0.0  0.0 70.3  6.0
  6.0  6.0  6.0  6.0  0.0  0.0 31.3  6.0  6.0
  6.0  6.0  6.0  6.0100.0  0.0  6.0  6.0  6.0
  6.0  6.0  6.0100.0  6.0 39.1  6.0100.0  6.0
  6.0  6.0  6.0100.0  6.0100.0  6.0  6.0  6.0
  6.0  6.0  6.0100.0  6.0 46.9  6.0  6.0  6.0
  6.0  6.0  6.0 48.4  6.0  6.0  6.0  0.0  6.0
  6.0  6.0  6.0  6.0  6.0  6.0  6.0  6.0  6.0
  6.0  6.0  6.0  6.0  6.0  6.0  6.0  6.0  6.0
  6.0  6.0  6.0  6.0  6.0  6.0  6.0  6.0  6.0
  6.0  6.0  6.0  6.0  6.0  6.0  6.0100.0100.0
  6.0100.0100.0  6.0100.0100.0100.0100.0100.0
100.0100.0100.0100.0100.0100.0100.0100.0100.0
 ----------------------------------------------------------
 New albedos written to ../output/albedorrtm
 Enjoy your new albedos!
[BINARY EXECUTION WRAPPER] ------------------------------------
[JAVA EXECUTOR] executeTask - End task execution
